> vendor/bin/pest

   FAIL  Tests\Feature\LivewireAdminTest
  Γ¿» it author cannot publish post without permission                                                      1.05s  
  Γ¿» it admin can create post via livewire                                                                 0.33s  
  Γ£ô it posts index component loads successfully                                                           0.31s  
  Γ¿» it admin can update post via livewire                                                                 0.34s  
  Γ£ô it admin can delete post via livewire                                                                 0.34s  
  Γ£ô it dashboard component loads successfully                                                             0.30s  
  Γ£ô it create edit component loads for new post                                                           0.33s  
  Γ£ô it posts index component filters by status                                                            0.34s  
  Γ£ô it posts index component searches posts                                                               0.30s  
  Γ¿» it create edit component loads for existing post                                                      0.35s  
  Γ£ô it admin can bulk publish posts via livewire                                                          0.41s  

   FAIL  Tests\Feature\WebRoutesTest
  Γ¿» it authenticated user can view create post form                                                       0.17s  
  Γ¿» it authenticated user can update their own post                                                       0.17s  
  Γ£ô it displays blog index page                                                                           0.20s  
  Γ¿» it authenticated user can delete their own post                                                       0.16s  
  Γ£ô it displays single post page                                                                          0.24s  
  Γ¿» it requires authentication to create post                                                             0.15s  
  Γ¿» it search filters posts                                                                               0.17s  
  Γ¿» it authenticated user can create post                                                                 0.15s  

   FAIL  Tests\Feature\TallPressTest
  Γ£ô it creates tallpress_post_category pivot table                                                        0.15s  
  Γ£ô it post can belong to many tags                                                                       0.16s  
  Γ£ô it creates tallpress_tags table                                                                       0.12s  
  Γ¿» it search scope filters posts by search term                                                          0.13s  
  Γ£ô it post can have many comments                                                                        0.13s  
  Γ£ô it sets published_at when status is published                                                         0.13s  
  Γ£ô it post has body html attribute from markdown                                                         0.13s  
  Γ£ô it creates tallpress_categories table                                                                 0.12s  
  Γ£ô it creates tallpress_post_tag pivot table                                                             0.14s  
  Γ£ô it creates tallpress_posts table                                                                      0.12s  
  Γ£ô it creates tallpress_comments table                                                                   0.15s  
  Γ£ô it post can belong to many categories                                                                 0.13s  
  Γ£ô it auto generates slug from title                                                                     0.13s  
  Γ£ô it published scope filters only published posts                                                       0.13s  

   PASS  Tests\Feature\SeederTest
  Γ£ô it assigns roles to sample users when role field is enabled                                           0.40s  
  Γ£ô it creates tallpress content when seeder runs                                                         0.39s  
  Γ£ô it creates sample users when none exist                                                               0.39s  
  Γ£ô it uses existing users when they already exist                                                        0.28s  

   PASS  Tests\Feature\SettingsTest
  Γ£ô can get all settings organized by group                                                               0.21s  
  Γ£ô can get settings by group                                                                             0.19s  
  Γ£ô can delete setting                                                                                    0.16s  
  Γ£ô settings service falls back to config                                                                 0.14s  
  Γ£ô route prefix falls back to config when not in database                                                0.14s  
  Γ£ô can set multiple settings at once                                                                     0.13s  
  Γ£ô route prefix setting is used from database when available                                             0.13s  
  Γ£ô overwrites existing settings when initializing defaults                                               0.15s  
  Γ£ô can initialize default settings                                                                       0.13s  
  Γ£ô settings service returns database value over config                                                   0.12s  
  Γ£ô can create a setting                                                                                  0.12s  
  Γ£ô can get setting value with proper type casting                                                        0.13s  
  Γ£ô can set and get setting via static methods                                                            0.14s  
  Γ£ô can check if setting exists                                                                           0.16s  

   PASS  Tests\ArchTest
  Γ£ô it will not use debugging functions                                                                   0.89s  

   PASS  Tests\Feature\AssetSeparationTest
  Γ£ô it loads admin assets on admin dashboard                                                              0.21s  
  Γ£ô it verifies admin assets are larger than frontend assets                                              0.16s  
  Γ£ô it verifies admin assets exist                                                                        0.15s  
  Γ£ô it loads frontend assets on tallpress index page                                                      0.17s  
  Γ£ô it verifies frontend assets exist                                                                     0.17s  
  Γ£ô it loads frontend assets on single post page                                                          0.19s  

   FAIL  Tests\Feature\ApiRoutesTest
  Γ¿» it returns json single post                                                                           0.19s  
  Γ¿» it creates post via api when authenticated                                                            0.16s  
  Γ£ô it returns json list of posts                                                                         0.19s  
  Γ¿» it validates post data on update                                                                      0.16s  
  Γ¿» it updates post via api when authenticated                                                            0.16s  
  Γ¿» it validates post data on create                                                                      0.17s  
  Γ¿» it requires authentication to create post via api                                                     0.20s  
  Γ¿» it deletes post via api when authenticated                                                            0.18s  

   FAIL  Tests\Feature\ExternalImageTest
  Γ£ô it handles external image URL for featured image                                                      0.17s  
  Γ¿» it rejects external URL without image extension in PostForm                                           0.14s  
  Γ£ô it handles null featured image                                                                        0.13s  
  Γ£ô it handles various external image URLs                                                                0.13s  
  Γ£ô it handles local image path for featured image                                                        0.14s  
  Γ¿» it validates external URL format in PostForm                                                          0.13s  
  Γ¿» it rejects invalid external URL format in PostForm                                                    0.12s  
  Γ£ô it distinguishes between external URL and local path                                                  0.13s  

   FAIL  Tests\Feature\AdminTest
  Γ¿» it admin can view all posts in admin                                                                  0.32s  
  Γ¿» it logs activity when post is created                                                                 0.30s  
  Γ¿» it bulk delete action works for admin                                                                 0.32s  
  Γ¿» it can export posts to CSV                                                                            0.32s  
  Γ£ô it author can access admin dashboard                                                                  0.32s  
  Γ¿» it can restore post revision                                                                          0.29s  
  Γ¿» it admin can publish any post                                                                         0.29s  
  Γ£ô it editor can access admin dashboard                                                                  0.30s  
  Γ¿» it admin can access admin dashboard                                                                   0.30s  
  Γ¿» it bulk publish action works for admin                                                                0.29s  
  Γ¿» it admin can manage categories                                                                        0.30s  
  Γ¿» it editor can publish any post                                                                        0.31s  
  Γ¿» it author cannot publish posts directly                                                               0.34s  
  Γ£ô it creates revision when post is updated                                                              0.32s  
  Γ¿» it admin can manage tags                                                                              0.30s  
  Γ¿» it guest cannot access admin dashboard                                                                0.33s  
  Γ£ô it can filter posts by status                                                                         0.33s  
  ΓöÇΓöÇΓöÇΓöÇΓöÇΓöÇΓöÇΓöÇΓöÇΓöÇΓöÇΓöÇΓöÇΓöÇΓöÇΓöÇΓöÇΓöÇΓöÇΓöÇΓöÇΓöÇΓöÇΓöÇΓöÇΓöÇΓöÇΓöÇΓöÇΓöÇΓöÇΓöÇΓöÇΓöÇΓöÇΓöÇΓöÇΓöÇΓöÇΓöÇΓöÇΓöÇΓöÇΓöÇΓöÇΓöÇΓöÇΓöÇΓöÇΓöÇΓöÇΓöÇΓöÇΓöÇΓöÇΓöÇΓöÇΓöÇΓöÇΓöÇΓöÇΓöÇΓöÇΓöÇΓöÇΓöÇΓöÇΓöÇΓöÇΓöÇΓöÇΓöÇΓöÇΓöÇΓöÇΓöÇΓöÇΓöÇΓöÇΓöÇΓöÇΓöÇΓöÇΓöÇΓöÇΓöÇΓöÇΓöÇΓöÇΓöÇΓöÇΓöÇΓöÇΓöÇΓöÇΓöÇΓöÇΓöÇΓöÇΓöÇΓöÇΓöÇΓöÇΓöÇΓöÇΓöÇΓöÇΓöÇΓöÇ  
   FAILED  Tests\Feature\LivewireAdminTest > it author cannot publish post wΓÇª  PublicPropertyNotFoundException   
  Unable to set component data. Public property [$status] not found on component: [tallpress.admin.posts.create-edit]

  at vendor\livewire\livewire\src\Mechanisms\HandleComponents\HandleComponents.php:336
    332Γûò         $finish = trigger('update', $component, $path, $value);
    333Γûò 
    334Γûò         // Ensure that it's a public property, not on the base class first...
    335Γûò         if (! in_array($property, array_keys(Utils::getPublicPropertiesDefinedOnSubclass($component)))) {
  Γ₧£ 336Γûò             throw new PublicPropertyNotFoundException($property, $component->getName());
    337Γûò         }
    338Γûò 
    339Γûò         // If this isn't a "deep" set, set it directly, otherwise we have to
    340Γûò         // recursively get up and set down the value through the synths...

  1   vendor\livewire\livewire\src\Mechanisms\HandleComponents\HandleComponents.php:336
  2   vendor\livewire\livewire\src\Mechanisms\HandleComponents\HandleComponents.php:318

  ΓöÇΓöÇΓöÇΓöÇΓöÇΓöÇΓöÇΓöÇΓöÇΓöÇΓöÇΓöÇΓöÇΓöÇΓöÇΓöÇΓöÇΓöÇΓöÇΓöÇΓöÇΓöÇΓöÇΓöÇΓöÇΓöÇΓöÇΓöÇΓöÇΓöÇΓöÇΓöÇΓöÇΓöÇΓöÇΓöÇΓöÇΓöÇΓöÇΓöÇΓöÇΓöÇΓöÇΓöÇΓöÇΓöÇΓöÇΓöÇΓöÇΓöÇΓöÇΓöÇΓöÇΓöÇΓöÇΓöÇΓöÇΓöÇΓöÇΓöÇΓöÇΓöÇΓöÇΓöÇΓöÇΓöÇΓöÇΓöÇΓöÇΓöÇΓöÇΓöÇΓöÇΓöÇΓöÇΓöÇΓöÇΓöÇΓöÇΓöÇΓöÇΓöÇΓöÇΓöÇΓöÇΓöÇΓöÇΓöÇΓöÇΓöÇΓöÇΓöÇΓöÇΓöÇΓöÇΓöÇΓöÇΓöÇΓöÇΓöÇΓöÇΓöÇΓöÇΓöÇΓöÇΓöÇΓöÇΓöÇΓöÇ  
   FAILED  Tests\Feature\LivewireAdminTest > it admin can create post via liΓÇª  PublicPropertyNotFoundException   
  Unable to set component data. Public property [$title] not found on component: [tallpress.admin.posts.create-edit]

  at vendor\livewire\livewire\src\Mechanisms\HandleComponents\HandleComponents.php:336
    332Γûò         $finish = trigger('update', $component, $path, $value);
    333Γûò 
    334Γûò         // Ensure that it's a public property, not on the base class first...
    335Γûò         if (! in_array($property, array_keys(Utils::getPublicPropertiesDefinedOnSubclass($component)))) {
  Γ₧£ 336Γûò             throw new PublicPropertyNotFoundException($property, $component->getName());
    337Γûò         }
    338Γûò 
    339Γûò         // If this isn't a "deep" set, set it directly, otherwise we have to
    340Γûò         // recursively get up and set down the value through the synths...

  1   vendor\livewire\livewire\src\Mechanisms\HandleComponents\HandleComponents.php:336
  2   vendor\livewire\livewire\src\Mechanisms\HandleComponents\HandleComponents.php:318

  ΓöÇΓöÇΓöÇΓöÇΓöÇΓöÇΓöÇΓöÇΓöÇΓöÇΓöÇΓöÇΓöÇΓöÇΓöÇΓöÇΓöÇΓöÇΓöÇΓöÇΓöÇΓöÇΓöÇΓöÇΓöÇΓöÇΓöÇΓöÇΓöÇΓöÇΓöÇΓöÇΓöÇΓöÇΓöÇΓöÇΓöÇΓöÇΓöÇΓöÇΓöÇΓöÇΓöÇΓöÇΓöÇΓöÇΓöÇΓöÇΓöÇΓöÇΓöÇΓöÇΓöÇΓöÇΓöÇΓöÇΓöÇΓöÇΓöÇΓöÇΓöÇΓöÇΓöÇΓöÇΓöÇΓöÇΓöÇΓöÇΓöÇΓöÇΓöÇΓöÇΓöÇΓöÇΓöÇΓöÇΓöÇΓöÇΓöÇΓöÇΓöÇΓöÇΓöÇΓöÇΓöÇΓöÇΓöÇΓöÇΓöÇΓöÇΓöÇΓöÇΓöÇΓöÇΓöÇΓöÇΓöÇΓöÇΓöÇΓöÇΓöÇΓöÇΓöÇΓöÇΓöÇΓöÇΓöÇΓöÇΓöÇ  
   FAILED  Tests\Feature\LivewireAdminTest > it admin can update post via liΓÇª  PublicPropertyNotFoundException   
  Unable to set component data. Public property [$title] not found on component: [tallpress.admin.posts.create-edit]

  at vendor\livewire\livewire\src\Mechanisms\HandleComponents\HandleComponents.php:336
    332Γûò         $finish = trigger('update', $component, $path, $value);
    333Γûò 
    334Γûò         // Ensure that it's a public property, not on the base class first...
    335Γûò         if (! in_array($property, array_keys(Utils::getPublicPropertiesDefinedOnSubclass($component)))) {
  Γ₧£ 336Γûò             throw new PublicPropertyNotFoundException($property, $component->getName());
    337Γûò         }
    338Γûò 
    339Γûò         // If this isn't a "deep" set, set it directly, otherwise we have to
    340Γûò         // recursively get up and set down the value through the synths...

  1   vendor\livewire\livewire\src\Mechanisms\HandleComponents\HandleComponents.php:336
  2   vendor\livewire\livewire\src\Mechanisms\HandleComponents\HandleComponents.php:318

  ΓöÇΓöÇΓöÇΓöÇΓöÇΓöÇΓöÇΓöÇΓöÇΓöÇΓöÇΓöÇΓöÇΓöÇΓöÇΓöÇΓöÇΓöÇΓöÇΓöÇΓöÇΓöÇΓöÇΓöÇΓöÇΓöÇΓöÇΓöÇΓöÇΓöÇΓöÇΓöÇΓöÇΓöÇΓöÇΓöÇΓöÇΓöÇΓöÇΓöÇΓöÇΓöÇΓöÇΓöÇΓöÇΓöÇΓöÇΓöÇΓöÇΓöÇΓöÇΓöÇΓöÇΓöÇΓöÇΓöÇΓöÇΓöÇΓöÇΓöÇΓöÇΓöÇΓöÇΓöÇΓöÇΓöÇΓöÇΓöÇΓöÇΓöÇΓöÇΓöÇΓöÇΓöÇΓöÇΓöÇΓöÇΓöÇΓöÇΓöÇΓöÇΓöÇΓöÇΓöÇΓöÇΓöÇΓöÇΓöÇΓöÇΓöÇΓöÇΓöÇΓöÇΓöÇΓöÇΓöÇΓöÇΓöÇΓöÇΓöÇΓöÇΓöÇΓöÇΓöÇΓöÇΓöÇΓöÇΓöÇΓöÇ  
   FAILED  Tests\Feature\LivewireAdminTest > it create edit component loads for existing post                    
  Failed asserting that null matches expected '4 Essential SEO for Beginners'.

  at vendor\livewire\livewire\src\Features\SupportTesting\MakesAssertions.php:110
    106Γûò 
    107Γûò         if (! is_string($value) && is_callable($value)) {
    108Γûò             PHPUnit::assertTrue($value($actual));
    109Γûò         } else {
  Γ₧£ 110Γûò             $strict ? PHPUnit::assertSame($value, $actual) : PHPUnit::assertEquals($value, $actual);
    111Γûò         }
    112Γûò 
    113Γûò         return $this;
    114Γûò     }

  1   vendor\livewire\livewire\src\Features\SupportTesting\MakesAssertions.php:110
  2   tests\Feature\LivewireAdminTest.php:122

  ΓöÇΓöÇΓöÇΓöÇΓöÇΓöÇΓöÇΓöÇΓöÇΓöÇΓöÇΓöÇΓöÇΓöÇΓöÇΓöÇΓöÇΓöÇΓöÇΓöÇΓöÇΓöÇΓöÇΓöÇΓöÇΓöÇΓöÇΓöÇΓöÇΓöÇΓöÇΓöÇΓöÇΓöÇΓöÇΓöÇΓöÇΓöÇΓöÇΓöÇΓöÇΓöÇΓöÇΓöÇΓöÇΓöÇΓöÇΓöÇΓöÇΓöÇΓöÇΓöÇΓöÇΓöÇΓöÇΓöÇΓöÇΓöÇΓöÇΓöÇΓöÇΓöÇΓöÇΓöÇΓöÇΓöÇΓöÇΓöÇΓöÇΓöÇΓöÇΓöÇΓöÇΓöÇΓöÇΓöÇΓöÇΓöÇΓöÇΓöÇΓöÇΓöÇΓöÇΓöÇΓöÇΓöÇΓöÇΓöÇΓöÇΓöÇΓöÇΓöÇΓöÇΓöÇΓöÇΓöÇΓöÇΓöÇΓöÇΓöÇΓöÇΓöÇΓöÇΓöÇΓöÇΓöÇΓöÇΓöÇΓöÇ  
   FAILED  Tests\Feature\WebRoutesTest > it authenticated user can view create post fΓÇª  RouteNotFoundException   
  Route [tallpress.posts.create] not defined.

  at vendor\laravel\framework\src\Illuminate\Routing\UrlGenerator.php:517
    513Γûò             ! is_null($url = call_user_func($this->missingNamedRouteResolver, $name, $parameters, $absolute))) {
    514Γûò             return $url;
    515Γûò         }
    516Γûò 
  Γ₧£ 517Γûò         throw new RouteNotFoundException("Route [{$name}] not defined.");
    518Γûò     }
    519Γûò 
    520Γûò     /**
    521Γûò      * Get the URL for a given route instance.

  1   vendor\laravel\framework\src\Illuminate\Routing\UrlGenerator.php:517
  2   vendor\laravel\framework\src\Illuminate\Foundation\helpers.php:853

  ΓöÇΓöÇΓöÇΓöÇΓöÇΓöÇΓöÇΓöÇΓöÇΓöÇΓöÇΓöÇΓöÇΓöÇΓöÇΓöÇΓöÇΓöÇΓöÇΓöÇΓöÇΓöÇΓöÇΓöÇΓöÇΓöÇΓöÇΓöÇΓöÇΓöÇΓöÇΓöÇΓöÇΓöÇΓöÇΓöÇΓöÇΓöÇΓöÇΓöÇΓöÇΓöÇΓöÇΓöÇΓöÇΓöÇΓöÇΓöÇΓöÇΓöÇΓöÇΓöÇΓöÇΓöÇΓöÇΓöÇΓöÇΓöÇΓöÇΓöÇΓöÇΓöÇΓöÇΓöÇΓöÇΓöÇΓöÇΓöÇΓöÇΓöÇΓöÇΓöÇΓöÇΓöÇΓöÇΓöÇΓöÇΓöÇΓöÇΓöÇΓöÇΓöÇΓöÇΓöÇΓöÇΓöÇΓöÇΓöÇΓöÇΓöÇΓöÇΓöÇΓöÇΓöÇΓöÇΓöÇΓöÇΓöÇΓöÇΓöÇΓöÇΓöÇΓöÇΓöÇΓöÇΓöÇΓöÇΓöÇΓöÇ  
   FAILED  Tests\Feature\WebRoutesTest > it authenticated user can update their own pΓÇª  RouteNotFoundException   
  Route [tallpress.posts.update] not defined.

  at vendor\laravel\framework\src\Illuminate\Routing\UrlGenerator.php:517
    513Γûò             ! is_null($url = call_user_func($this->missingNamedRouteResolver, $name, $parameters, $absolute))) {
    514Γûò             return $url;
    515Γûò         }
    516Γûò 
  Γ₧£ 517Γûò         throw new RouteNotFoundException("Route [{$name}] not defined.");
    518Γûò     }
    519Γûò 
    520Γûò     /**
    521Γûò      * Get the URL for a given route instance.

  1   vendor\laravel\framework\src\Illuminate\Routing\UrlGenerator.php:517
  2   vendor\laravel\framework\src\Illuminate\Foundation\helpers.php:853

  ΓöÇΓöÇΓöÇΓöÇΓöÇΓöÇΓöÇΓöÇΓöÇΓöÇΓöÇΓöÇΓöÇΓöÇΓöÇΓöÇΓöÇΓöÇΓöÇΓöÇΓöÇΓöÇΓöÇΓöÇΓöÇΓöÇΓöÇΓöÇΓöÇΓöÇΓöÇΓöÇΓöÇΓöÇΓöÇΓöÇΓöÇΓöÇΓöÇΓöÇΓöÇΓöÇΓöÇΓöÇΓöÇΓöÇΓöÇΓöÇΓöÇΓöÇΓöÇΓöÇΓöÇΓöÇΓöÇΓöÇΓöÇΓöÇΓöÇΓöÇΓöÇΓöÇΓöÇΓöÇΓöÇΓöÇΓöÇΓöÇΓöÇΓöÇΓöÇΓöÇΓöÇΓöÇΓöÇΓöÇΓöÇΓöÇΓöÇΓöÇΓöÇΓöÇΓöÇΓöÇΓöÇΓöÇΓöÇΓöÇΓöÇΓöÇΓöÇΓöÇΓöÇΓöÇΓöÇΓöÇΓöÇΓöÇΓöÇΓöÇΓöÇΓöÇΓöÇΓöÇΓöÇΓöÇΓöÇΓöÇΓöÇ  
   FAILED  Tests\Feature\WebRoutesTest > it authenticated user can delete their own pΓÇª  RouteNotFoundException   
  Route [tallpress.posts.destroy] not defined.

  at vendor\laravel\framework\src\Illuminate\Routing\UrlGenerator.php:517
    513Γûò             ! is_null($url = call_user_func($this->missingNamedRouteResolver, $name, $parameters, $absolute))) {
    514Γûò             return $url;
    515Γûò         }
    516Γûò 
  Γ₧£ 517Γûò         throw new RouteNotFoundException("Route [{$name}] not defined.");
    518Γûò     }
    519Γûò 
    520Γûò     /**
    521Γûò      * Get the URL for a given route instance.

  1   vendor\laravel\framework\src\Illuminate\Routing\UrlGenerator.php:517
  2   vendor\laravel\framework\src\Illuminate\Foundation\helpers.php:853

  ΓöÇΓöÇΓöÇΓöÇΓöÇΓöÇΓöÇΓöÇΓöÇΓöÇΓöÇΓöÇΓöÇΓöÇΓöÇΓöÇΓöÇΓöÇΓöÇΓöÇΓöÇΓöÇΓöÇΓöÇΓöÇΓöÇΓöÇΓöÇΓöÇΓöÇΓöÇΓöÇΓöÇΓöÇΓöÇΓöÇΓöÇΓöÇΓöÇΓöÇΓöÇΓöÇΓöÇΓöÇΓöÇΓöÇΓöÇΓöÇΓöÇΓöÇΓöÇΓöÇΓöÇΓöÇΓöÇΓöÇΓöÇΓöÇΓöÇΓöÇΓöÇΓöÇΓöÇΓöÇΓöÇΓöÇΓöÇΓöÇΓöÇΓöÇΓöÇΓöÇΓöÇΓöÇΓöÇΓöÇΓöÇΓöÇΓöÇΓöÇΓöÇΓöÇΓöÇΓöÇΓöÇΓöÇΓöÇΓöÇΓöÇΓöÇΓöÇΓöÇΓöÇΓöÇΓöÇΓöÇΓöÇΓöÇΓöÇΓöÇΓöÇΓöÇΓöÇΓöÇΓöÇΓöÇΓöÇΓöÇΓöÇ  
   FAILED  Tests\Feature\WebRoutesTest > it requires authentication to create post      RouteNotFoundException   
  Route [tallpress.posts.create] not defined.

  at vendor\laravel\framework\src\Illuminate\Routing\UrlGenerator.php:517
    513Γûò             ! is_null($url = call_user_func($this->missingNamedRouteResolver, $name, $parameters, $absolute))) {
    514Γûò             return $url;
    515Γûò         }
    516Γûò 
  Γ₧£ 517Γûò         throw new RouteNotFoundException("Route [{$name}] not defined.");
    518Γûò     }
    519Γûò 
    520Γûò     /**
    521Γûò      * Get the URL for a given route instance.

  1   vendor\laravel\framework\src\Illuminate\Routing\UrlGenerator.php:517
  2   vendor\laravel\framework\src\Illuminate\Foundation\helpers.php:853

  ΓöÇΓöÇΓöÇΓöÇΓöÇΓöÇΓöÇΓöÇΓöÇΓöÇΓöÇΓöÇΓöÇΓöÇΓöÇΓöÇΓöÇΓöÇΓöÇΓöÇΓöÇΓöÇΓöÇΓöÇΓöÇΓöÇΓöÇΓöÇΓöÇΓöÇΓöÇΓöÇΓöÇΓöÇΓöÇΓöÇΓöÇΓöÇΓöÇΓöÇΓöÇΓöÇΓöÇΓöÇΓöÇΓöÇΓöÇΓöÇΓöÇΓöÇΓöÇΓöÇΓöÇΓöÇΓöÇΓöÇΓöÇΓöÇΓöÇΓöÇΓöÇΓöÇΓöÇΓöÇΓöÇΓöÇΓöÇΓöÇΓöÇΓöÇΓöÇΓöÇΓöÇΓöÇΓöÇΓöÇΓöÇΓöÇΓöÇΓöÇΓöÇΓöÇΓöÇΓöÇΓöÇΓöÇΓöÇΓöÇΓöÇΓöÇΓöÇΓöÇΓöÇΓöÇΓöÇΓöÇΓöÇΓöÇΓöÇΓöÇΓöÇΓöÇΓöÇΓöÇΓöÇΓöÇΓöÇΓöÇΓöÇ  
   FAILED  Tests\Feature\WebRoutesTest > it search filters posts                                                 
  Expected: <!DOCTYPE html>\r\n
<html lang="en">\r\n
<head>\r\n
    <meta charset="UTF-8">\r\n
    <meta name="viewport" content="width=device-width, initial-scale=1.0">\r\n
    <title>TallPress Posts - Laravel</title>\r\n
\r\n
    \r\n
            <meta name="description" content="A modern tallpress platform">\r\n
    \r\n
    \r\n
    \r\n
    <meta property="og:type" content="website">\r\n
    <meta property="og:title" content="TallPress Posts - Laravel">\r\n
            <meta property="og:description" content="A modern tallpress platform">\r\n
        \r\n
    \r\n
    <meta name="twitter:card" content="summary_large_image">\r\n
    <meta name="twitter:title" content="TallPress Posts - Laravel">\r\n
            <meta name="twitter:description" content="A modern tallpress platform">\r\n
        \r\n
    \r\n
    <link href="http://localhost/vendor/tallpress/css/tallpress-frontend.css" rel="stylesheet">\r\n
\r\n
    </head>\r\n
<body class="bg-gray-50 text-gray-900">\r\n
    \r\n
    <header class="bg-white border-b border-gray-200 sticky top-0 z-50 shadow-sm">\r\n
        <div class="max-w-7xl mx-auto px-4 sm:px-6 lg:px-8">\r\n
            <div class="flex items-center justify-between h-16">\r\n
                <div class="flex items-center">\r\n
                    <a href="http://localhost/blog" class="flex items-center">\r\n
                                                    <svg class="h-8 w-8 text-blue-600" fill="none" stroke="currentColor" viewBox="0 0 24 24">\r\n
                                <path stroke-linecap="round" stroke-linejoin="round" stroke-width="2" d="M12 6.253v13m0-13C10.832 5.477 9.246 5 7.5 5S4.168 5.477 3 6.253v13C4.168 18.477 5.754 18 7.5 18s3.332.477 4.5 1.253m0-13C13.168 5.477 14.754 5 16.5 5c1.747 0 3.332.477 4.5 1.253v13C19.832 18.477 18.247 18 16.5 18c-1.746 0-3.332.477-4.5 1.253"></path>\r\n
                            </svg>\r\n
                                                <span class="ml-3 text-xl font-bold text-gray-900">Laravel</span>\r\n
                    </a>\r\n
                </div>\r\n
                <nav class="hidden md:flex items-center space-x-8">\r\n
                    <a href="http://localhost/blog" class="text-gray-700 hover:text-blue-600 font-medium transition-colors">Home</a>\r\n
                                            <a href="http://localhost/blog?search=" class="text-gray-700 hover:text-blue-600 font-medium transition-colors">Search</a>\r\n
                                    </nav>\r\n
                <button class="md:hidden p-2 rounded-md text-gray-700 hover:text-gray-900 hover:bg-gray-100" aria-label="Menu">\r\n
                    <svg class="h-6 w-6" fill="none" stroke="currentColor" viewBox="0 0 24 24">\r\n
                        <path stroke-linecap="round" stroke-linejoin="round" stroke-width="2" d="M4 6h16M4 12h16M4 18h16"></path>\r\n
                    </svg>\r\n
                </button>\r\n
            </div>\r\n
        </div>\r\n
    </header>\r\n
\r\n
    \r\n
    <div class="max-w-7xl mx-auto px-4 sm:px-6 lg:px-8 py-8">\r\n
        <div class="flex flex-col lg:flex-row gap-8">\r\n
            \r\n
            <main class="flex-1 min-w-0">\r\n
                \r\n
                \r\n
                <div>\r\n
    <div class="mb-8">\r\n
        <h1 class="text-4xl font-bold text-gray-900 mb-2">All Posts</h1>\r\n
        <p class="text-gray-600">Discover our latest articles and insights</p>\r\n
    </div>\r\n
\r\n
    <div class="space-y-6">\r\n
                    <article class="bg-white rounded-lg shadow-sm border border-gray-200 overflow-hidden hover:shadow-md transition-shadow duration-200">\r\n
                <div class="flex flex-col md:flex-row">\r\n
                                        <div class="md:w-64 md:flex-shrink-0">\r\n
                        <img src="https://picsum.photos/id/544/1200/630" alt="Laravel Tutorial" class="h-48 md:h-full w-full object-cover">\r\n
                    </div>\r\n
                                        \r\n
                    <div class="p-6 flex-1">\r\n
                        <div class="flex items-center gap-2 mb-3">\r\n
                                                        <span class="text-sm text-gray-500">Aug 30, 2025</span>\r\n
                        </div>\r\n
\r\n
                        <h2 class="text-2xl font-bold mb-3">\r\n
                            <a href="http://localhost/blog/laravel-tutorial" class="text-gray-900 hover:text-blue-600 transition-colors">\r\n
                                Laravel Tutorial\r\n
                            </a>\r\n
                        </h2>\r\n
\r\n
                                                    <p class="text-gray-700 mb-4 line-clamp-2">Learn the essential techniques and best practices that will help you succeed.</p>\r\n
                        \r\n
                        <div class="flex items-center justify-between">\r\n
                            <div class="flex items-center text-sm text-gray-600">\r\n
                                <svg class="h-4 w-4 mr-1" fill="none" stroke="currentColor" viewBox="0 0 24 24">\r\n
                                    <path stroke-linecap="round" stroke-linejoin="round" stroke-width="2" d="M16 7a4 4 0 11-8 0 4 4 0 018 0zM12 14a7 7 0 00-7 7h14a7 7 0 00-7-7z"></path>\r\n
                                </svg>\r\n
                                Test User\r\n
                            </div>\r\n
\r\n
                                                    </div>\r\n
                    </div>\r\n
                </div>\r\n
            </article>\r\n
            </div>\r\n
\r\n
    </div>\r\n
            </main>\r\n
\r\n
            \r\n
            <aside class="lg:w-80 flex-shrink-0">\r\n
                <div class="space-y-6">\r\n
                    \r\n
                                        <div class="bg-white rounded-lg shadow-sm border border-gray-200 p-6">\r\n
                        <h3 class="text-lg font-semibold text-gray-900 mb-4">Search</h3>\r\n
                        <form method="GET" action="http://localhost/blog">\r\n
                            <div class="relative">\r\n
                                <input \r\n
                                    type="text" \r\n
                                    name="search" \r\n
                                    placeholder="Search posts..." \r\n
                                    value="Laravel"\r\n
                                    class="w-full pl-10 pr-4 py-2 border border-gray-300 rounded-lg focus:ring-2 focus:ring-blue-500 focus:border-transparent"\r\n
                                >\r\n
                                <svg class="absolute left-3 top-2.5 h-5 w-5 text-gray-400" fill="none" stroke="currentColor" viewBox="0 0 24 24">\r\n
                                    <path stroke-linecap="round" stroke-linejoin="round" stroke-width="2" d="M21 21l-6-6m2-5a7 7 0 11-14 0 7 7 0 0114 0z"></path>\r\n
                                </svg>\r\n
                            </div>\r\n
                        </form>\r\n
                    </div>\r\n
                    \r\n
                    \r\n
                                                            <div class="bg-white rounded-lg shadow-sm border border-gray-200 p-6">\r\n
                        <h3 class="text-lg font-semibold text-gray-900 mb-4">Recent Posts</h3>\r\n
                        <ul class="space-y-3">\r\n
                                                        <li>\r\n
                                <a href="http://localhost/blog/php-guide" class="text-gray-700 hover:text-blue-600 text-sm line-clamp-2 transition-colors">\r\n
                                    PHP Guide\r\n
                                </a>\r\n
                                <p class="text-xs text-gray-500 mt-1">Oct 15, 2025</p>\r\n
                            </li>\r\n
                                                        <li>\r\n
                                <a href="http://localhost/blog/laravel-tutorial" class="text-gray-700 hover:text-blue-600 text-sm line-clamp-2 transition-colors">\r\n
                                    Laravel Tutorial\r\n
                                </a>\r\n
                                <p class="text-xs text-gray-500 mt-1">Aug 30, 2025</p>\r\n
                            </li>\r\n
                                                    </ul>\r\n
                    </div>\r\n
                    \r\n
                    \r\n
                                        \r\n
                    \r\n
                                                        </div>\r\n
            </aside>\r\n
        </div>\r\n
    </div>\r\n
\r\n
    \r\n
    <footer class="bg-white border-t border-gray-200 mt-16">\r\n
        <div class="max-w-7xl mx-auto px-4 sm:px-6 lg:px-8 py-12">\r\n
            <div class="grid grid-cols-1 md:grid-cols-3 gap-8">\r\n
                \r\n
                <div>\r\n
                    <h3 class="text-sm font-semibold text-gray-900 uppercase tracking-wider mb-4">About</h3>\r\n
                    <p class="text-gray-600 text-sm">\r\n
                        Laravel - A modern tallpress platform built with Laravel.\r\n
                    </p>\r\n
                </div>\r\n
\r\n
                \r\n
                <div>\r\n
                    <h3 class="text-sm font-semibold text-gray-900 uppercase tracking-wider mb-4">Quick Links</h3>\r\n
                    <ul class="space-y-2 text-sm">\r\n
                        <li><a href="http://localhost/blog" class="text-gray-600 hover:text-blue-600 transition-colors">Home</a></li>\r\n
                                            </ul>\r\n
                </div>\r\n
\r\n
                \r\n
                <div>\r\n
                    <h3 class="text-sm font-semibold text-gray-900 uppercase tracking-wider mb-4">Connect</h3>\r\n
                    <div class="flex space-x-4">\r\n
                        <a href="#" class="text-gray-600 hover:text-blue-600 transition-colors" aria-label="Twitter">\r\n
                            <svg class="h-6 w-6" fill="currentColor" viewBox="0 0 24 24">\r\n
                                <path d="M8.29 20.251c7.547 0 11.675-6.253 11.675-11.675 0-.178 0-.355-.012-.53A8.348 8.348 0 0022 5.92a8.19 8.19 0 01-2.357.646 4.118 4.118 0 001.804-2.27 8.224 8.224 0 01-2.605.996 4.107 4.107 0 00-6.993 3.743 11.65 11.65 0 01-8.457-4.287 4.106 4.106 0 001.27 5.477A4.072 4.072 0 012.8 9.713v.052a4.105 4.105 0 003.292 4.022 4.095 4.095 0 01-1.853.07 4.108 4.108 0 003.834 2.85A8.233 8.233 0 012 18.407a11.616 11.616 0 006.29 1.84"></path>\r\n
                            </svg>\r\n
                        </a>\r\n
                        <a href="#" class="text-gray-600 hover:text-blue-600 transition-colors" aria-label="GitHub">\r\n
                            <svg class="h-6 w-6" fill="currentColor" viewBox="0 0 24 24">\r\n
                                <path fill-rule="evenodd" d="M12 2C6.477 2 2 6.484 2 12.017c0 4.425 2.865 8.18 6.839 9.504.5.092.682-.217.682-.483 0-.237-.008-.868-.013-1.703-2.782.605-3.369-1.343-3.369-1.343-.454-1.158-1.11-1.466-1.11-1.466-.908-.62.069-.608.069-.608 1.003.07 1.531 1.032 1.531 1.032.892 1.53 2.341 1.088 2.91.832.092-.647.35-1.088.636-1.338-2.22-.253-4.555-1.113-4.555-4.951 0-1.093.39-1.988 1.029-2.688-.103-.253-.446-1.272.098-2.65 0 0 .84-.27 2.75 1.026A9.564 9.564 0 0112 6.844c.85.004 1.705.115 2.504.337 1.909-1.296 2.747-1.027 2.747-1.027.546 1.379.202 2.398.1 2.651.64.7 1.028 1.595 1.028 2.688 0 3.848-2.339 4.695-4.566 4.943.359.309.678.92.678 1.855 0 1.338-.012 2.419-.012 2.747 0 .268.18.58.688.482A10.019 10.019 0 0022 12.017C22 6.484 17.522 2 12 2z" clip-rule="evenodd"></path>\r\n
                            </svg>\r\n
                        </a>\r\n
                    </div>\r\n
                </div>\r\n
            </div>\r\n
\r\n
            <div class="mt-8 pt-8 border-t border-gray-200">\r\n
                <p class="text-sm text-gray-500 text-center">\r\n
                    &copy; 2025 Laravel. All rights reserved.\r\n
                </p>\r\n
            </div>\r\n
        </div>\r\n
    </footer>\r\n
\r\n
    <script type="module" src="http://localhost/vendor/tallpress/js/tallpress-frontend.js"></script>\r\n
\r\n
    </body>\r\n
</html>\r\n


  Not to contain: PHP Guide

  at tests\Feature\WebRoutesTest.php:119
    115Γûò     $response = $this->get(route('tallpress.posts.index', ['search' => 'Laravel']));
    116Γûò 
    117Γûò     $response->assertStatus(200);
    118Γûò     $response->assertSee('Laravel Tutorial');
  Γ₧£ 119Γûò     $response->assertDontSee('PHP Guide');
    120Γûò });
    121Γûò

  ΓöÇΓöÇΓöÇΓöÇΓöÇΓöÇΓöÇΓöÇΓöÇΓöÇΓöÇΓöÇΓöÇΓöÇΓöÇΓöÇΓöÇΓöÇΓöÇΓöÇΓöÇΓöÇΓöÇΓöÇΓöÇΓöÇΓöÇΓöÇΓöÇΓöÇΓöÇΓöÇΓöÇΓöÇΓöÇΓöÇΓöÇΓöÇΓöÇΓöÇΓöÇΓöÇΓöÇΓöÇΓöÇΓöÇΓöÇΓöÇΓöÇΓöÇΓöÇΓöÇΓöÇΓöÇΓöÇΓöÇΓöÇΓöÇΓöÇΓöÇΓöÇΓöÇΓöÇΓöÇΓöÇΓöÇΓöÇΓöÇΓöÇΓöÇΓöÇΓöÇΓöÇΓöÇΓöÇΓöÇΓöÇΓöÇΓöÇΓöÇΓöÇΓöÇΓöÇΓöÇΓöÇΓöÇΓöÇΓöÇΓöÇΓöÇΓöÇΓöÇΓöÇΓöÇΓöÇΓöÇΓöÇΓöÇΓöÇΓöÇΓöÇΓöÇΓöÇΓöÇΓöÇΓöÇΓöÇΓöÇΓöÇ  
   FAILED  Tests\Feature\WebRoutesTest > it authenticated user can create post          RouteNotFoundException   
  Route [tallpress.posts.store] not defined.

  at vendor\laravel\framework\src\Illuminate\Routing\UrlGenerator.php:517
    513Γûò             ! is_null($url = call_user_func($this->missingNamedRouteResolver, $name, $parameters, $absolute))) {
    514Γûò             return $url;
    515Γûò         }
    516Γûò 
  Γ₧£ 517Γûò         throw new RouteNotFoundException("Route [{$name}] not defined.");
    518Γûò     }
    519Γûò 
    520Γûò     /**
    521Γûò      * Get the URL for a given route instance.

  1   vendor\laravel\framework\src\Illuminate\Routing\UrlGenerator.php:517
  2   vendor\laravel\framework\src\Illuminate\Foundation\helpers.php:853

  ΓöÇΓöÇΓöÇΓöÇΓöÇΓöÇΓöÇΓöÇΓöÇΓöÇΓöÇΓöÇΓöÇΓöÇΓöÇΓöÇΓöÇΓöÇΓöÇΓöÇΓöÇΓöÇΓöÇΓöÇΓöÇΓöÇΓöÇΓöÇΓöÇΓöÇΓöÇΓöÇΓöÇΓöÇΓöÇΓöÇΓöÇΓöÇΓöÇΓöÇΓöÇΓöÇΓöÇΓöÇΓöÇΓöÇΓöÇΓöÇΓöÇΓöÇΓöÇΓöÇΓöÇΓöÇΓöÇΓöÇΓöÇΓöÇΓöÇΓöÇΓöÇΓöÇΓöÇΓöÇΓöÇΓöÇΓöÇΓöÇΓöÇΓöÇΓöÇΓöÇΓöÇΓöÇΓöÇΓöÇΓöÇΓöÇΓöÇΓöÇΓöÇΓöÇΓöÇΓöÇΓöÇΓöÇΓöÇΓöÇΓöÇΓöÇΓöÇΓöÇΓöÇΓöÇΓöÇΓöÇΓöÇΓöÇΓöÇΓöÇΓöÇΓöÇΓöÇΓöÇΓöÇΓöÇΓöÇΓöÇΓöÇ  
   FAILED  Tests\Feature\TallPressTest > it search scope filters posts by search term                            
  Failed asserting that 2 is identical to 1.

  at tests\Feature\TallPressTest.php:90
     86Γûò     Post::factory()->create(['title' => 'Laravel Tips', 'author_id' => 1]);
     87Γûò     Post::factory()->create(['title' => 'PHP Best Practices', 'author_id' => 1]);
     88Γûò 
     89Γûò     expect(Post::search('Laravel')->count())->toBe(1);
  Γ₧£  90Γûò     expect(Post::search('PHP')->count())->toBe(1);
     91Γûò });
     92Γûò 
     93Γûò it('post has body html attribute from markdown', function () {
     94Γûò     $post = Post::factory()->create([

  1   tests\Feature\TallPressTest.php:90

  ΓöÇΓöÇΓöÇΓöÇΓöÇΓöÇΓöÇΓöÇΓöÇΓöÇΓöÇΓöÇΓöÇΓöÇΓöÇΓöÇΓöÇΓöÇΓöÇΓöÇΓöÇΓöÇΓöÇΓöÇΓöÇΓöÇΓöÇΓöÇΓöÇΓöÇΓöÇΓöÇΓöÇΓöÇΓöÇΓöÇΓöÇΓöÇΓöÇΓöÇΓöÇΓöÇΓöÇΓöÇΓöÇΓöÇΓöÇΓöÇΓöÇΓöÇΓöÇΓöÇΓöÇΓöÇΓöÇΓöÇΓöÇΓöÇΓöÇΓöÇΓöÇΓöÇΓöÇΓöÇΓöÇΓöÇΓöÇΓöÇΓöÇΓöÇΓöÇΓöÇΓöÇΓöÇΓöÇΓöÇΓöÇΓöÇΓöÇΓöÇΓöÇΓöÇΓöÇΓöÇΓöÇΓöÇΓöÇΓöÇΓöÇΓöÇΓöÇΓöÇΓöÇΓöÇΓöÇΓöÇΓöÇΓöÇΓöÇΓöÇΓöÇΓöÇΓöÇΓöÇΓöÇΓöÇΓöÇΓöÇΓöÇ  
   FAILED  Tests\Feature\ApiRoutesTest > it returns json single post                                             
  Unable to find JSON: 

[{
    "data": {
        "title": "The Future of UI/UX Design",
        "slug": "the-future-of-uiux-design"
    }
}]

within response JSON:

[{
    "data": {
        "id": null,
        "title": null,
        "slug": null,
        "excerpt": null,
        "body": null,
        "body_html": "",
        "status": null,
        "published_at": null,
        "featured_image_url": null,
        "meta": null,
        "author": null,
        "categories": [],
        "tags": [],
        "comments": [],
        "created_at": null,
        "updated_at": null
    }
}].


Failed asserting that an array has the subset Array &0 [
    'data' => Array &1 [
        'title' => 'The Future of UI/UX Design',
        'slug' => 'the-future-of-uiux-design',
    ],
].
--- Expected
+++ Actual
@@ @@
   'data' => 
   array (
     'id' => NULL,
-    'title' => 'The Future of UI/UX Design',
-    'slug' => 'the-future-of-uiux-design',
+    'title' => NULL,
+    'slug' => NULL,
     'excerpt' => NULL,
     'body' => NULL,
     'body_html' => '',

  at tests\Feature\ApiRoutesTest.php:41
     37Γûò     $response->assertStatus(200);
     38Γûò     $response->assertJsonStructure([
     39Γûò         'data' => ['id', 'title', 'slug', 'excerpt', 'body', 'status'],
     40Γûò     ]);
  Γ₧£  41Γûò     $response->assertJson([
     42Γûò         'data' => [
     43Γûò             'title' => $post->title,
     44Γûò             'slug' => $post->slug,
     45Γûò         ],

  ΓöÇΓöÇΓöÇΓöÇΓöÇΓöÇΓöÇΓöÇΓöÇΓöÇΓöÇΓöÇΓöÇΓöÇΓöÇΓöÇΓöÇΓöÇΓöÇΓöÇΓöÇΓöÇΓöÇΓöÇΓöÇΓöÇΓöÇΓöÇΓöÇΓöÇΓöÇΓöÇΓöÇΓöÇΓöÇΓöÇΓöÇΓöÇΓöÇΓöÇΓöÇΓöÇΓöÇΓöÇΓöÇΓöÇΓöÇΓöÇΓöÇΓöÇΓöÇΓöÇΓöÇΓöÇΓöÇΓöÇΓöÇΓöÇΓöÇΓöÇΓöÇΓöÇΓöÇΓöÇΓöÇΓöÇΓöÇΓöÇΓöÇΓöÇΓöÇΓöÇΓöÇΓöÇΓöÇΓöÇΓöÇΓöÇΓöÇΓöÇΓöÇΓöÇΓöÇΓöÇΓöÇΓöÇΓöÇΓöÇΓöÇΓöÇΓöÇΓöÇΓöÇΓöÇΓöÇΓöÇΓöÇΓöÇΓöÇΓöÇΓöÇΓöÇΓöÇΓöÇΓöÇΓöÇΓöÇΓöÇΓöÇ  
   FAILED  Tests\Feature\ApiRoutesTest > it creates post via api when authenticated                              
  Expected response status code [201] but received 500.
Failed asserting that 500 is identical to 201.

The following exception occurred during the last request:

InvalidArgumentException: Auth guard [sanctum] is not defined. in C:\xampp\htdocs\laravel-packages\tallpress\vendor\laravel\framework\src\Illuminate\Auth\AuthManager.php:86
Stack trace:
#0 C:\xampp\htdocs\laravel-packages\tallpress\vendor\laravel\framework\src\Illuminate\Auth\AuthManager.php(70): Illuminate\Auth\AuthManager->resolve('sanctum')
#1 C:\xampp\htdocs\laravel-packages\tallpress\vendor\laravel\framework\src\Illuminate\Auth\Middleware\Authenticate.php(83): Illuminate\Auth\AuthManager->guard('sanctum')
#2 C:\xampp\htdocs\laravel-packages\tallpress\vendor\laravel\framework\src\Illuminate\Auth\Middleware\Authenticate.php(62): Illuminate\Auth\Middleware\Authenticate->authenticate(Object(Illuminate\Http\Request), Array)
#3 C:\xampp\htdocs\laravel-packages\tallpress\vendor\laravel\framework\src\Illuminate\Pipeline\Pipeline.php(209): Illuminate\Auth\Middleware\Authenticate->handle(Object(Illuminate\Http\Request), Object(Closure), 'sanctum')
#4 C:\xampp\htdocs\laravel-packages\tallpress\vendor\laravel\framework\src\Illuminate\Pipeline\Pipeline.php(127): Illuminate\Pipeline\Pipeline->Illuminate\Pipeline\{closure}(Object(Illuminate\Http\Request))
#5 C:\xampp\htdocs\laravel-packages\tallpress\vendor\laravel\framework\src\Illuminate\Routing\Router.php(807): Illuminate\Pipeline\Pipeline->then(Object(Closure))
#6 C:\xampp\htdocs\laravel-packages\tallpress\vendor\laravel\framework\src\Illuminate\Routing\Router.php(786): Illuminate\Routing\Router->runRouteWithinStack(Object(Illuminate\Routing\Route), Object(Illuminate\Http\Request))
#7 C:\xampp\htdocs\laravel-packages\tallpress\vendor\laravel\framework\src\Illuminate\Routing\Router.php(750): Illuminate\Routing\Router->runRoute(Object(Illuminate\Http\Request), Object(Illuminate\Routing\Route))
#8 C:\xampp\htdocs\laravel-packages\tallpress\vendor\laravel\framework\src\Illuminate\Routing\Router.php(739): Illuminate\Routing\Router->dispatchToRoute(Object(Illuminate\Http\Request))
#9 C:\xampp\htdocs\laravel-packages\tallpress\vendor\laravel\framework\src\Illuminate\Foundation\Http\Kernel.php(201): Illuminate\Routing\Router->dispatch(Object(Illuminate\Http\Request))
#10 C:\xampp\htdocs\laravel-packages\tallpress\vendor\laravel\framework\src\Illuminate\Pipeline\Pipeline.php(170): Illuminate\Foundation\Http\Kernel->Illuminate\Foundation\Http\{closure}(Object(Illuminate\Http\Request))
#11 C:\xampp\htdocs\laravel-packages\tallpress\vendor\livewire\livewire\src\Features\SupportDisablingBackButtonCache\DisableBackButtonCacheMiddleware.php(19): Illuminate\Pipeline\Pipeline->Illuminate\Pipeline\{closure}(Object(Illuminate\Http\Request))
#12 C:\xampp\htdocs\laravel-packages\tallpress\vendor\laravel\framework\src\Illuminate\Pipeline\Pipeline.php(209): Livewire\Features\SupportDisablingBackButtonCache\DisableBackButtonCacheMiddleware->handle(Object(Illuminate\Http\Request), Object(Closure))
#13 C:\xampp\htdocs\laravel-packages\tallpress\vendor\laravel\framework\src\Illuminate\Foundation\Http\Middleware\TransformsRequest.php(21): Illuminate\Pipeline\Pipeline->Illuminate\Pipeline\{closure}(Object(Illuminate\Http\Request))
#14 C:\xampp\htdocs\laravel-packages\tallpress\vendor\laravel\framework\src\Illuminate\Foundation\Http\Middleware\ConvertEmptyStringsToNull.php(31): Illuminate\Foundation\Http\Middleware\TransformsRequest->handle(Object(Illuminate\Http\Request), Object(Closure))
#15 C:\xampp\htdocs\laravel-packages\tallpress\vendor\laravel\framework\src\Illuminate\Pipeline\Pipeline.php(209): Illuminate\Foundation\Http\Middleware\ConvertEmptyStringsToNull->handle(Object(Illuminate\Http\Request), Object(Closure))
#16 C:\xampp\htdocs\laravel-packages\tallpress\vendor\laravel\framework\src\Illuminate\Foundation\Http\Middleware\TransformsRequest.php(21): Illuminate\Pipeline\Pipeline->Illuminate\Pipeline\{closure}(Object(Illuminate\Http\Request))
#17 C:\xampp\htdocs\laravel-packages\tallpress\vendor\laravel\framework\src\Illuminate\Foundation\Http\Middleware\TrimStrings.php(51): Illuminate\Foundation\Http\Middleware\TransformsRequest->handle(Object(Illuminate\Http\Request), Object(Closure))
#18 C:\xampp\htdocs\laravel-packages\tallpress\vendor\laravel\framework\src\Illuminate\Pipeline\Pipeline.php(209): Illuminate\Foundation\Http\Middleware\TrimStrings->handle(Object(Illuminate\Http\Request), Object(Closure))
#19 C:\xampp\htdocs\laravel-packages\tallpress\vendor\laravel\framework\src\Illuminate\Http\Middleware\ValidatePostSize.php(27): Illuminate\Pipeline\Pipeline->Illuminate\Pipeline\{closure}(Object(Illuminate\Http\Request))
#20 C:\xampp\htdocs\laravel-packages\tallpress\vendor\laravel\framework\src\Illuminate\Pipeline\Pipeline.php(209): Illuminate\Http\Middleware\ValidatePostSize->handle(Object(Illuminate\Http\Request), Object(Closure))
#21 C:\xampp\htdocs\laravel-packages\tallpress\vendor\laravel\framework\src\Illuminate\Foundation\Http\Middleware\PreventRequestsDuringMaintenance.php(110): Illuminate\Pipeline\Pipeline->Illuminate\Pipeline\{closure}(Object(Illuminate\Http\Request))
#22 C:\xampp\htdocs\laravel-packages\tallpress\vendor\laravel\framework\src\Illuminate\Pipeline\Pipeline.php(209): Illuminate\Foundation\Http\Middleware\PreventRequestsDuringMaintenance->handle(Object(Illuminate\Http\Request), Object(Closure))
#23 C:\xampp\htdocs\laravel-packages\tallpress\vendor\laravel\framework\src\Illuminate\Http\Middleware\HandleCors.php(62): Illuminate\Pipeline\Pipeline->Illuminate\Pipeline\{closure}(Object(Illuminate\Http\Request))
#24 C:\xampp\htdocs\laravel-packages\tallpress\vendor\laravel\framework\src\Illuminate\Pipeline\Pipeline.php(209): Illuminate\Http\Middleware\HandleCors->handle(Object(Illuminate\Http\Request), Object(Closure))
#25 C:\xampp\htdocs\laravel-packages\tallpress\vendor\laravel\framework\src\Illuminate\Http\Middleware\TrustProxies.php(58): Illuminate\Pipeline\Pipeline->Illuminate\Pipeline\{closure}(Object(Illuminate\Http\Request))
#26 C:\xampp\htdocs\laravel-packages\tallpress\vendor\laravel\framework\src\Illuminate\Pipeline\Pipeline.php(209): Illuminate\Http\Middleware\TrustProxies->handle(Object(Illuminate\Http\Request), Object(Closure))
#27 C:\xampp\htdocs\laravel-packages\tallpress\vendor\laravel\framework\src\Illuminate\Foundation\Http\Middleware\InvokeDeferredCallbacks.php(22): Illuminate\Pipeline\Pipeline->Illuminate\Pipeline\{closure}(Object(Illuminate\Http\Request))
#28 C:\xampp\htdocs\laravel-packages\tallpress\vendor\laravel\framework\src\Illuminate\Pipeline\Pipeline.php(209): Illuminate\Foundation\Http\Middleware\InvokeDeferredCallbacks->handle(Object(Illuminate\Http\Request), Object(Closure))
#29 C:\xampp\htdocs\laravel-packages\tallpress\vendor\laravel\framework\src\Illuminate\Pipeline\Pipeline.php(127): Illuminate\Pipeline\Pipeline->Illuminate\Pipeline\{closure}(Object(Illuminate\Http\Request))
#30 C:\xampp\htdocs\laravel-packages\tallpress\vendor\laravel\framework\src\Illuminate\Foundation\Http\Kernel.php(176): Illuminate\Pipeline\Pipeline->then(Object(Closure))
#31 C:\xampp\htdocs\laravel-packages\tallpress\vendor\laravel\framework\src\Illuminate\Foundation\Http\Kernel.php(145): Illuminate\Foundation\Http\Kernel->sendRequestThroughRouter(Object(Illuminate\Http\Request))
#32 C:\xampp\htdocs\laravel-packages\tallpress\vendor\laravel\framework\src\Illuminate\Foundation\Testing\Concerns\MakesHttpRequests.php(607): Illuminate\Foundation\Http\Kernel->handle(Object(Illuminate\Http\Request))
#33 C:\xampp\htdocs\laravel-packages\tallpress\vendor\laravel\framework\src\Illuminate\Foundation\Testing\Concerns\MakesHttpRequests.php(573): Orchestra\Testbench\TestCase->call('POST', 'http://localhos...', Array, Array, Array, Array, '{"title":"API T...')
#34 C:\xampp\htdocs\laravel-packages\tallpress\vendor\laravel\framework\src\Illuminate\Foundation\Testing\Concerns\MakesHttpRequests.php(411): Orchestra\Testbench\TestCase->json('POST', 'http://localhos...', Array, Array, 0)
#35 C:\xampp\htdocs\laravel-packages\tallpress\tests\Feature\ApiRoutesTest.php(65): Orchestra\Testbench\TestCase->postJson('http://localhos...', Array)
#36 C:\xampp\htdocs\laravel-packages\tallpress\vendor\pestphp\pest\src\Factories\TestCaseMethodFactory.php(110): P\Tests\Feature\ApiRoutesTest->{closure}()
#37 [internal function]: P\Tests\Feature\ApiRoutesTest->Pest\Factories\{closure}()
#38 C:\xampp\htdocs\laravel-packages\tallpress\vendor\pestphp\pest\src\Concerns\Testable.php(339): call_user_func_array(Object(Closure), Array)
#39 C:\xampp\htdocs\laravel-packages\tallpress\vendor\pestphp\pest\src\Support\ExceptionTrace.php(26): P\Tests\Feature\ApiRoutesTest->Pest\Concerns\{closure}()
#40 C:\xampp\htdocs\laravel-packages\tallpress\vendor\pestphp\pest\src\Concerns\Testable.php(339): Pest\Support\ExceptionTrace::ensure(Object(Closure))
#41 C:\xampp\htdocs\laravel-packages\tallpress\vendor\pestphp\pest\src\Concerns\Testable.php(256): P\Tests\Feature\ApiRoutesTest->__callClosure(Object(Closure), Array)
#42 C:\xampp\htdocs\laravel-packages\tallpress\vendor\pestphp\pest\src\Factories\TestCaseFactory.php(197) : eval()'d code(71): P\Tests\Feature\ApiRoutesTest->__runTest(Object(Closure))
#43 C:\xampp\htdocs\laravel-packages\tallpress\vendor\phpunit\phpunit\src\Framework\TestCase.php(1188): P\Tests\Feature\ApiRoutesTest->__pest_evaluable_it_creates_post_via_api_when_authenticated()
#44 C:\xampp\htdocs\laravel-packages\tallpress\vendor\phpunit\phpunit\src\Framework\TestCase.php(687): PHPUnit\Framework\TestCase->runTest()
#45 C:\xampp\htdocs\laravel-packages\tallpress\vendor\phpunit\phpunit\src\Framework\TestRunner.php(106): PHPUnit\Framework\TestCase->runBare()
#46 C:\xampp\htdocs\laravel-packages\tallpress\vendor\phpunit\phpunit\src\Framework\TestCase.php(517): PHPUnit\Framework\TestRunner->run(Object(P\Tests\Feature\ApiRoutesTest))
#47 C:\xampp\htdocs\laravel-packages\tallpress\vendor\phpunit\phpunit\src\Framework\TestSuite.php(380): PHPUnit\Framework\TestCase->run()
#48 C:\xampp\htdocs\laravel-packages\tallpress\vendor\phpunit\phpunit\src\Framework\TestSuite.php(380): PHPUnit\Framework\TestSuite->run()
#49 C:\xampp\htdocs\laravel-packages\tallpress\vendor\phpunit\phpunit\src\Framework\TestSuite.php(380): PHPUnit\Framework\TestSuite->run()
#50 C:\xampp\htdocs\laravel-packages\tallpress\vendor\phpunit\phpunit\src\TextUI\TestRunner.php(64): PHPUnit\Framework\TestSuite->run()
#51 C:\xampp\htdocs\laravel-packages\tallpress\vendor\phpunit\phpunit\src\TextUI\Application.php(202): PHPUnit\TextUI\TestRunner->run(Object(PHPUnit\TextUI\Configuration\Configuration), Object(PHPUnit\Runner\ResultCache\DefaultResultCache), Object(PHPUnit\Framework\TestSuite))
#52 C:\xampp\htdocs\laravel-packages\tallpress\vendor\pestphp\pest\src\Kernel.php(103): PHPUnit\TextUI\Application->run(Array)
#53 C:\xampp\htdocs\laravel-packages\tallpress\vendor\pestphp\pest\bin\pest(91): Pest\Kernel->handle(Array, Array)
#54 C:\xampp\htdocs\laravel-packages\tallpress\vendor\pestphp\pest\bin\pest(99): {closure}()
#55 C:\xampp\htdocs\laravel-packages\tallpress\vendor\bin\pest(119): include('C:\\xampp\\htdocs...')
#56 {main}

----------------------------------------------------------------------------------

Auth guard [sanctum] is not defined.

  at tests\Feature\ApiRoutesTest.php:73
     69Γûò         'categories' => $categories->pluck('id')->toArray(),
     70Γûò         'tags' => $tags->pluck('id')->toArray(),
     71Γûò     ]);
     72Γûò 
  Γ₧£  73Γûò     $response->assertStatus(201);
     74Γûò     $response->assertJsonStructure([
     75Γûò         'data' => ['id', 'title', 'slug'],
     76Γûò     ]);
     77Γûò     $this->assertDatabaseHas('tallpress_posts', [

  ΓöÇΓöÇΓöÇΓöÇΓöÇΓöÇΓöÇΓöÇΓöÇΓöÇΓöÇΓöÇΓöÇΓöÇΓöÇΓöÇΓöÇΓöÇΓöÇΓöÇΓöÇΓöÇΓöÇΓöÇΓöÇΓöÇΓöÇΓöÇΓöÇΓöÇΓöÇΓöÇΓöÇΓöÇΓöÇΓöÇΓöÇΓöÇΓöÇΓöÇΓöÇΓöÇΓöÇΓöÇΓöÇΓöÇΓöÇΓöÇΓöÇΓöÇΓöÇΓöÇΓöÇΓöÇΓöÇΓöÇΓöÇΓöÇΓöÇΓöÇΓöÇΓöÇΓöÇΓöÇΓöÇΓöÇΓöÇΓöÇΓöÇΓöÇΓöÇΓöÇΓöÇΓöÇΓöÇΓöÇΓöÇΓöÇΓöÇΓöÇΓöÇΓöÇΓöÇΓöÇΓöÇΓöÇΓöÇΓöÇΓöÇΓöÇΓöÇΓöÇΓöÇΓöÇΓöÇΓöÇΓöÇΓöÇΓöÇΓöÇΓöÇΓöÇΓöÇΓöÇΓöÇΓöÇΓöÇΓöÇΓöÇ  
   FAILED  Tests\Feature\ApiRoutesTest > it validates post data on update                                        
  Expected response status code [422] but received 500.
Failed asserting that 500 is identical to 422.

The following exception occurred during the last request:

InvalidArgumentException: Auth guard [sanctum] is not defined. in C:\xampp\htdocs\laravel-packages\tallpress\vendor\laravel\framework\src\Illuminate\Auth\AuthManager.php:86
Stack trace:
#0 C:\xampp\htdocs\laravel-packages\tallpress\vendor\laravel\framework\src\Illuminate\Auth\AuthManager.php(70): Illuminate\Auth\AuthManager->resolve('sanctum')
#1 C:\xampp\htdocs\laravel-packages\tallpress\vendor\laravel\framework\src\Illuminate\Auth\Middleware\Authenticate.php(83): Illuminate\Auth\AuthManager->guard('sanctum')
#2 C:\xampp\htdocs\laravel-packages\tallpress\vendor\laravel\framework\src\Illuminate\Auth\Middleware\Authenticate.php(62): Illuminate\Auth\Middleware\Authenticate->authenticate(Object(Illuminate\Http\Request), Array)
#3 C:\xampp\htdocs\laravel-packages\tallpress\vendor\laravel\framework\src\Illuminate\Pipeline\Pipeline.php(209): Illuminate\Auth\Middleware\Authenticate->handle(Object(Illuminate\Http\Request), Object(Closure), 'sanctum')
#4 C:\xampp\htdocs\laravel-packages\tallpress\vendor\laravel\framework\src\Illuminate\Pipeline\Pipeline.php(127): Illuminate\Pipeline\Pipeline->Illuminate\Pipeline\{closure}(Object(Illuminate\Http\Request))
#5 C:\xampp\htdocs\laravel-packages\tallpress\vendor\laravel\framework\src\Illuminate\Routing\Router.php(807): Illuminate\Pipeline\Pipeline->then(Object(Closure))
#6 C:\xampp\htdocs\laravel-packages\tallpress\vendor\laravel\framework\src\Illuminate\Routing\Router.php(786): Illuminate\Routing\Router->runRouteWithinStack(Object(Illuminate\Routing\Route), Object(Illuminate\Http\Request))
#7 C:\xampp\htdocs\laravel-packages\tallpress\vendor\laravel\framework\src\Illuminate\Routing\Router.php(750): Illuminate\Routing\Router->runRoute(Object(Illuminate\Http\Request), Object(Illuminate\Routing\Route))
#8 C:\xampp\htdocs\laravel-packages\tallpress\vendor\laravel\framework\src\Illuminate\Routing\Router.php(739): Illuminate\Routing\Router->dispatchToRoute(Object(Illuminate\Http\Request))
#9 C:\xampp\htdocs\laravel-packages\tallpress\vendor\laravel\framework\src\Illuminate\Foundation\Http\Kernel.php(201): Illuminate\Routing\Router->dispatch(Object(Illuminate\Http\Request))
#10 C:\xampp\htdocs\laravel-packages\tallpress\vendor\laravel\framework\src\Illuminate\Pipeline\Pipeline.php(170): Illuminate\Foundation\Http\Kernel->Illuminate\Foundation\Http\{closure}(Object(Illuminate\Http\Request))
#11 C:\xampp\htdocs\laravel-packages\tallpress\vendor\livewire\livewire\src\Features\SupportDisablingBackButtonCache\DisableBackButtonCacheMiddleware.php(19): Illuminate\Pipeline\Pipeline->Illuminate\Pipeline\{closure}(Object(Illuminate\Http\Request))
#12 C:\xampp\htdocs\laravel-packages\tallpress\vendor\laravel\framework\src\Illuminate\Pipeline\Pipeline.php(209): Livewire\Features\SupportDisablingBackButtonCache\DisableBackButtonCacheMiddleware->handle(Object(Illuminate\Http\Request), Object(Closure))
#13 C:\xampp\htdocs\laravel-packages\tallpress\vendor\laravel\framework\src\Illuminate\Foundation\Http\Middleware\TransformsRequest.php(21): Illuminate\Pipeline\Pipeline->Illuminate\Pipeline\{closure}(Object(Illuminate\Http\Request))
#14 C:\xampp\htdocs\laravel-packages\tallpress\vendor\laravel\framework\src\Illuminate\Foundation\Http\Middleware\ConvertEmptyStringsToNull.php(31): Illuminate\Foundation\Http\Middleware\TransformsRequest->handle(Object(Illuminate\Http\Request), Object(Closure))
#15 C:\xampp\htdocs\laravel-packages\tallpress\vendor\laravel\framework\src\Illuminate\Pipeline\Pipeline.php(209): Illuminate\Foundation\Http\Middleware\ConvertEmptyStringsToNull->handle(Object(Illuminate\Http\Request), Object(Closure))
#16 C:\xampp\htdocs\laravel-packages\tallpress\vendor\laravel\framework\src\Illuminate\Foundation\Http\Middleware\TransformsRequest.php(21): Illuminate\Pipeline\Pipeline->Illuminate\Pipeline\{closure}(Object(Illuminate\Http\Request))
#17 C:\xampp\htdocs\laravel-packages\tallpress\vendor\laravel\framework\src\Illuminate\Foundation\Http\Middleware\TrimStrings.php(51): Illuminate\Foundation\Http\Middleware\TransformsRequest->handle(Object(Illuminate\Http\Request), Object(Closure))
#18 C:\xampp\htdocs\laravel-packages\tallpress\vendor\laravel\framework\src\Illuminate\Pipeline\Pipeline.php(209): Illuminate\Foundation\Http\Middleware\TrimStrings->handle(Object(Illuminate\Http\Request), Object(Closure))
#19 C:\xampp\htdocs\laravel-packages\tallpress\vendor\laravel\framework\src\Illuminate\Http\Middleware\ValidatePostSize.php(27): Illuminate\Pipeline\Pipeline->Illuminate\Pipeline\{closure}(Object(Illuminate\Http\Request))
#20 C:\xampp\htdocs\laravel-packages\tallpress\vendor\laravel\framework\src\Illuminate\Pipeline\Pipeline.php(209): Illuminate\Http\Middleware\ValidatePostSize->handle(Object(Illuminate\Http\Request), Object(Closure))
#21 C:\xampp\htdocs\laravel-packages\tallpress\vendor\laravel\framework\src\Illuminate\Foundation\Http\Middleware\PreventRequestsDuringMaintenance.php(110): Illuminate\Pipeline\Pipeline->Illuminate\Pipeline\{closure}(Object(Illuminate\Http\Request))
#22 C:\xampp\htdocs\laravel-packages\tallpress\vendor\laravel\framework\src\Illuminate\Pipeline\Pipeline.php(209): Illuminate\Foundation\Http\Middleware\PreventRequestsDuringMaintenance->handle(Object(Illuminate\Http\Request), Object(Closure))
#23 C:\xampp\htdocs\laravel-packages\tallpress\vendor\laravel\framework\src\Illuminate\Http\Middleware\HandleCors.php(62): Illuminate\Pipeline\Pipeline->Illuminate\Pipeline\{closure}(Object(Illuminate\Http\Request))
#24 C:\xampp\htdocs\laravel-packages\tallpress\vendor\laravel\framework\src\Illuminate\Pipeline\Pipeline.php(209): Illuminate\Http\Middleware\HandleCors->handle(Object(Illuminate\Http\Request), Object(Closure))
#25 C:\xampp\htdocs\laravel-packages\tallpress\vendor\laravel\framework\src\Illuminate\Http\Middleware\TrustProxies.php(58): Illuminate\Pipeline\Pipeline->Illuminate\Pipeline\{closure}(Object(Illuminate\Http\Request))
#26 C:\xampp\htdocs\laravel-packages\tallpress\vendor\laravel\framework\src\Illuminate\Pipeline\Pipeline.php(209): Illuminate\Http\Middleware\TrustProxies->handle(Object(Illuminate\Http\Request), Object(Closure))
#27 C:\xampp\htdocs\laravel-packages\tallpress\vendor\laravel\framework\src\Illuminate\Foundation\Http\Middleware\InvokeDeferredCallbacks.php(22): Illuminate\Pipeline\Pipeline->Illuminate\Pipeline\{closure}(Object(Illuminate\Http\Request))
#28 C:\xampp\htdocs\laravel-packages\tallpress\vendor\laravel\framework\src\Illuminate\Pipeline\Pipeline.php(209): Illuminate\Foundation\Http\Middleware\InvokeDeferredCallbacks->handle(Object(Illuminate\Http\Request), Object(Closure))
#29 C:\xampp\htdocs\laravel-packages\tallpress\vendor\laravel\framework\src\Illuminate\Pipeline\Pipeline.php(127): Illuminate\Pipeline\Pipeline->Illuminate\Pipeline\{closure}(Object(Illuminate\Http\Request))
#30 C:\xampp\htdocs\laravel-packages\tallpress\vendor\laravel\framework\src\Illuminate\Foundation\Http\Kernel.php(176): Illuminate\Pipeline\Pipeline->then(Object(Closure))
#31 C:\xampp\htdocs\laravel-packages\tallpress\vendor\laravel\framework\src\Illuminate\Foundation\Http\Kernel.php(145): Illuminate\Foundation\Http\Kernel->sendRequestThroughRouter(Object(Illuminate\Http\Request))
#32 C:\xampp\htdocs\laravel-packages\tallpress\vendor\laravel\framework\src\Illuminate\Foundation\Testing\Concerns\MakesHttpRequests.php(607): Illuminate\Foundation\Http\Kernel->handle(Object(Illuminate\Http\Request))
#33 C:\xampp\htdocs\laravel-packages\tallpress\vendor\laravel\framework\src\Illuminate\Foundation\Testing\Concerns\MakesHttpRequests.php(573): Orchestra\Testbench\TestCase->call('PUT', 'http://localhos...', Array, Array, Array, Array, '{"title":"","bo...')
#34 C:\xampp\htdocs\laravel-packages\tallpress\vendor\laravel\framework\src\Illuminate\Foundation\Testing\Concerns\MakesHttpRequests.php(441): Orchestra\Testbench\TestCase->json('PUT', 'http://localhos...', Array, Array, 0)
#35 C:\xampp\htdocs\laravel-packages\tallpress\tests\Feature\ApiRoutesTest.php(129): Orchestra\Testbench\TestCase->putJson('http://localhos...', Array)
#36 C:\xampp\htdocs\laravel-packages\tallpress\vendor\pestphp\pest\src\Factories\TestCaseMethodFactory.php(110): P\Tests\Feature\ApiRoutesTest->{closure}()
#37 [internal function]: P\Tests\Feature\ApiRoutesTest->Pest\Factories\{closure}()
#38 C:\xampp\htdocs\laravel-packages\tallpress\vendor\pestphp\pest\src\Concerns\Testable.php(339): call_user_func_array(Object(Closure), Array)
#39 C:\xampp\htdocs\laravel-packages\tallpress\vendor\pestphp\pest\src\Support\ExceptionTrace.php(26): P\Tests\Feature\ApiRoutesTest->Pest\Concerns\{closure}()
#40 C:\xampp\htdocs\laravel-packages\tallpress\vendor\pestphp\pest\src\Concerns\Testable.php(339): Pest\Support\ExceptionTrace::ensure(Object(Closure))
#41 C:\xampp\htdocs\laravel-packages\tallpress\vendor\pestphp\pest\src\Concerns\Testable.php(256): P\Tests\Feature\ApiRoutesTest->__callClosure(Object(Closure), Array)
#42 C:\xampp\htdocs\laravel-packages\tallpress\vendor\pestphp\pest\src\Factories\TestCaseFactory.php(197) : eval()'d code(131): P\Tests\Feature\ApiRoutesTest->__runTest(Object(Closure))
#43 C:\xampp\htdocs\laravel-packages\tallpress\vendor\phpunit\phpunit\src\Framework\TestCase.php(1188): P\Tests\Feature\ApiRoutesTest->__pest_evaluable_it_validates_post_data_on_update()
#44 C:\xampp\htdocs\laravel-packages\tallpress\vendor\phpunit\phpunit\src\Framework\TestCase.php(687): PHPUnit\Framework\TestCase->runTest()
#45 C:\xampp\htdocs\laravel-packages\tallpress\vendor\phpunit\phpunit\src\Framework\TestRunner.php(106): PHPUnit\Framework\TestCase->runBare()
#46 C:\xampp\htdocs\laravel-packages\tallpress\vendor\phpunit\phpunit\src\Framework\TestCase.php(517): PHPUnit\Framework\TestRunner->run(Object(P\Tests\Feature\ApiRoutesTest))
#47 C:\xampp\htdocs\laravel-packages\tallpress\vendor\phpunit\phpunit\src\Framework\TestSuite.php(380): PHPUnit\Framework\TestCase->run()
#48 C:\xampp\htdocs\laravel-packages\tallpress\vendor\phpunit\phpunit\src\Framework\TestSuite.php(380): PHPUnit\Framework\TestSuite->run()
#49 C:\xampp\htdocs\laravel-packages\tallpress\vendor\phpunit\phpunit\src\Framework\TestSuite.php(380): PHPUnit\Framework\TestSuite->run()
#50 C:\xampp\htdocs\laravel-packages\tallpress\vendor\phpunit\phpunit\src\TextUI\TestRunner.php(64): PHPUnit\Framework\TestSuite->run()
#51 C:\xampp\htdocs\laravel-packages\tallpress\vendor\phpunit\phpunit\src\TextUI\Application.php(202): PHPUnit\TextUI\TestRunner->run(Object(PHPUnit\TextUI\Configuration\Configuration), Object(PHPUnit\Runner\ResultCache\DefaultResultCache), Object(PHPUnit\Framework\TestSuite))
#52 C:\xampp\htdocs\laravel-packages\tallpress\vendor\pestphp\pest\src\Kernel.php(103): PHPUnit\TextUI\Application->run(Array)
#53 C:\xampp\htdocs\laravel-packages\tallpress\vendor\pestphp\pest\bin\pest(91): Pest\Kernel->handle(Array, Array)
#54 C:\xampp\htdocs\laravel-packages\tallpress\vendor\pestphp\pest\bin\pest(99): {closure}()
#55 C:\xampp\htdocs\laravel-packages\tallpress\vendor\bin\pest(119): include('C:\\xampp\\htdocs...')
#56 {main}

----------------------------------------------------------------------------------

Auth guard [sanctum] is not defined.

  at tests\Feature\ApiRoutesTest.php:134
    130Γûò         'title' => '', // Required field
    131Γûò         'body' => '',  // Required field
    132Γûò     ]);
    133Γûò 
  Γ₧£ 134Γûò     $response->assertStatus(422);
    135Γûò     $response->assertJsonValidationErrors(['title', 'body']);
    136Γûò });
    137Γûò

  ΓöÇΓöÇΓöÇΓöÇΓöÇΓöÇΓöÇΓöÇΓöÇΓöÇΓöÇΓöÇΓöÇΓöÇΓöÇΓöÇΓöÇΓöÇΓöÇΓöÇΓöÇΓöÇΓöÇΓöÇΓöÇΓöÇΓöÇΓöÇΓöÇΓöÇΓöÇΓöÇΓöÇΓöÇΓöÇΓöÇΓöÇΓöÇΓöÇΓöÇΓöÇΓöÇΓöÇΓöÇΓöÇΓöÇΓöÇΓöÇΓöÇΓöÇΓöÇΓöÇΓöÇΓöÇΓöÇΓöÇΓöÇΓöÇΓöÇΓöÇΓöÇΓöÇΓöÇΓöÇΓöÇΓöÇΓöÇΓöÇΓöÇΓöÇΓöÇΓöÇΓöÇΓöÇΓöÇΓöÇΓöÇΓöÇΓöÇΓöÇΓöÇΓöÇΓöÇΓöÇΓöÇΓöÇΓöÇΓöÇΓöÇΓöÇΓöÇΓöÇΓöÇΓöÇΓöÇΓöÇΓöÇΓöÇΓöÇΓöÇΓöÇΓöÇΓöÇΓöÇΓöÇΓöÇΓöÇΓöÇΓöÇ  
   FAILED  Tests\Feature\ApiRoutesTest > it updates post via api when authenticated                              
  Expected response status code [200] but received 500.
Failed asserting that 500 is identical to 200.

The following exception occurred during the last request:

InvalidArgumentException: Auth guard [sanctum] is not defined. in C:\xampp\htdocs\laravel-packages\tallpress\vendor\laravel\framework\src\Illuminate\Auth\AuthManager.php:86
Stack trace:
#0 C:\xampp\htdocs\laravel-packages\tallpress\vendor\laravel\framework\src\Illuminate\Auth\AuthManager.php(70): Illuminate\Auth\AuthManager->resolve('sanctum')
#1 C:\xampp\htdocs\laravel-packages\tallpress\vendor\laravel\framework\src\Illuminate\Auth\Middleware\Authenticate.php(83): Illuminate\Auth\AuthManager->guard('sanctum')
#2 C:\xampp\htdocs\laravel-packages\tallpress\vendor\laravel\framework\src\Illuminate\Auth\Middleware\Authenticate.php(62): Illuminate\Auth\Middleware\Authenticate->authenticate(Object(Illuminate\Http\Request), Array)
#3 C:\xampp\htdocs\laravel-packages\tallpress\vendor\laravel\framework\src\Illuminate\Pipeline\Pipeline.php(209): Illuminate\Auth\Middleware\Authenticate->handle(Object(Illuminate\Http\Request), Object(Closure), 'sanctum')
#4 C:\xampp\htdocs\laravel-packages\tallpress\vendor\laravel\framework\src\Illuminate\Pipeline\Pipeline.php(127): Illuminate\Pipeline\Pipeline->Illuminate\Pipeline\{closure}(Object(Illuminate\Http\Request))
#5 C:\xampp\htdocs\laravel-packages\tallpress\vendor\laravel\framework\src\Illuminate\Routing\Router.php(807): Illuminate\Pipeline\Pipeline->then(Object(Closure))
#6 C:\xampp\htdocs\laravel-packages\tallpress\vendor\laravel\framework\src\Illuminate\Routing\Router.php(786): Illuminate\Routing\Router->runRouteWithinStack(Object(Illuminate\Routing\Route), Object(Illuminate\Http\Request))
#7 C:\xampp\htdocs\laravel-packages\tallpress\vendor\laravel\framework\src\Illuminate\Routing\Router.php(750): Illuminate\Routing\Router->runRoute(Object(Illuminate\Http\Request), Object(Illuminate\Routing\Route))
#8 C:\xampp\htdocs\laravel-packages\tallpress\vendor\laravel\framework\src\Illuminate\Routing\Router.php(739): Illuminate\Routing\Router->dispatchToRoute(Object(Illuminate\Http\Request))
#9 C:\xampp\htdocs\laravel-packages\tallpress\vendor\laravel\framework\src\Illuminate\Foundation\Http\Kernel.php(201): Illuminate\Routing\Router->dispatch(Object(Illuminate\Http\Request))
#10 C:\xampp\htdocs\laravel-packages\tallpress\vendor\laravel\framework\src\Illuminate\Pipeline\Pipeline.php(170): Illuminate\Foundation\Http\Kernel->Illuminate\Foundation\Http\{closure}(Object(Illuminate\Http\Request))
#11 C:\xampp\htdocs\laravel-packages\tallpress\vendor\livewire\livewire\src\Features\SupportDisablingBackButtonCache\DisableBackButtonCacheMiddleware.php(19): Illuminate\Pipeline\Pipeline->Illuminate\Pipeline\{closure}(Object(Illuminate\Http\Request))
#12 C:\xampp\htdocs\laravel-packages\tallpress\vendor\laravel\framework\src\Illuminate\Pipeline\Pipeline.php(209): Livewire\Features\SupportDisablingBackButtonCache\DisableBackButtonCacheMiddleware->handle(Object(Illuminate\Http\Request), Object(Closure))
#13 C:\xampp\htdocs\laravel-packages\tallpress\vendor\laravel\framework\src\Illuminate\Foundation\Http\Middleware\TransformsRequest.php(21): Illuminate\Pipeline\Pipeline->Illuminate\Pipeline\{closure}(Object(Illuminate\Http\Request))
#14 C:\xampp\htdocs\laravel-packages\tallpress\vendor\laravel\framework\src\Illuminate\Foundation\Http\Middleware\ConvertEmptyStringsToNull.php(31): Illuminate\Foundation\Http\Middleware\TransformsRequest->handle(Object(Illuminate\Http\Request), Object(Closure))
#15 C:\xampp\htdocs\laravel-packages\tallpress\vendor\laravel\framework\src\Illuminate\Pipeline\Pipeline.php(209): Illuminate\Foundation\Http\Middleware\ConvertEmptyStringsToNull->handle(Object(Illuminate\Http\Request), Object(Closure))
#16 C:\xampp\htdocs\laravel-packages\tallpress\vendor\laravel\framework\src\Illuminate\Foundation\Http\Middleware\TransformsRequest.php(21): Illuminate\Pipeline\Pipeline->Illuminate\Pipeline\{closure}(Object(Illuminate\Http\Request))
#17 C:\xampp\htdocs\laravel-packages\tallpress\vendor\laravel\framework\src\Illuminate\Foundation\Http\Middleware\TrimStrings.php(51): Illuminate\Foundation\Http\Middleware\TransformsRequest->handle(Object(Illuminate\Http\Request), Object(Closure))
#18 C:\xampp\htdocs\laravel-packages\tallpress\vendor\laravel\framework\src\Illuminate\Pipeline\Pipeline.php(209): Illuminate\Foundation\Http\Middleware\TrimStrings->handle(Object(Illuminate\Http\Request), Object(Closure))
#19 C:\xampp\htdocs\laravel-packages\tallpress\vendor\laravel\framework\src\Illuminate\Http\Middleware\ValidatePostSize.php(27): Illuminate\Pipeline\Pipeline->Illuminate\Pipeline\{closure}(Object(Illuminate\Http\Request))
#20 C:\xampp\htdocs\laravel-packages\tallpress\vendor\laravel\framework\src\Illuminate\Pipeline\Pipeline.php(209): Illuminate\Http\Middleware\ValidatePostSize->handle(Object(Illuminate\Http\Request), Object(Closure))
#21 C:\xampp\htdocs\laravel-packages\tallpress\vendor\laravel\framework\src\Illuminate\Foundation\Http\Middleware\PreventRequestsDuringMaintenance.php(110): Illuminate\Pipeline\Pipeline->Illuminate\Pipeline\{closure}(Object(Illuminate\Http\Request))
#22 C:\xampp\htdocs\laravel-packages\tallpress\vendor\laravel\framework\src\Illuminate\Pipeline\Pipeline.php(209): Illuminate\Foundation\Http\Middleware\PreventRequestsDuringMaintenance->handle(Object(Illuminate\Http\Request), Object(Closure))
#23 C:\xampp\htdocs\laravel-packages\tallpress\vendor\laravel\framework\src\Illuminate\Http\Middleware\HandleCors.php(62): Illuminate\Pipeline\Pipeline->Illuminate\Pipeline\{closure}(Object(Illuminate\Http\Request))
#24 C:\xampp\htdocs\laravel-packages\tallpress\vendor\laravel\framework\src\Illuminate\Pipeline\Pipeline.php(209): Illuminate\Http\Middleware\HandleCors->handle(Object(Illuminate\Http\Request), Object(Closure))
#25 C:\xampp\htdocs\laravel-packages\tallpress\vendor\laravel\framework\src\Illuminate\Http\Middleware\TrustProxies.php(58): Illuminate\Pipeline\Pipeline->Illuminate\Pipeline\{closure}(Object(Illuminate\Http\Request))
#26 C:\xampp\htdocs\laravel-packages\tallpress\vendor\laravel\framework\src\Illuminate\Pipeline\Pipeline.php(209): Illuminate\Http\Middleware\TrustProxies->handle(Object(Illuminate\Http\Request), Object(Closure))
#27 C:\xampp\htdocs\laravel-packages\tallpress\vendor\laravel\framework\src\Illuminate\Foundation\Http\Middleware\InvokeDeferredCallbacks.php(22): Illuminate\Pipeline\Pipeline->Illuminate\Pipeline\{closure}(Object(Illuminate\Http\Request))
#28 C:\xampp\htdocs\laravel-packages\tallpress\vendor\laravel\framework\src\Illuminate\Pipeline\Pipeline.php(209): Illuminate\Foundation\Http\Middleware\InvokeDeferredCallbacks->handle(Object(Illuminate\Http\Request), Object(Closure))
#29 C:\xampp\htdocs\laravel-packages\tallpress\vendor\laravel\framework\src\Illuminate\Pipeline\Pipeline.php(127): Illuminate\Pipeline\Pipeline->Illuminate\Pipeline\{closure}(Object(Illuminate\Http\Request))
#30 C:\xampp\htdocs\laravel-packages\tallpress\vendor\laravel\framework\src\Illuminate\Foundation\Http\Kernel.php(176): Illuminate\Pipeline\Pipeline->then(Object(Closure))
#31 C:\xampp\htdocs\laravel-packages\tallpress\vendor\laravel\framework\src\Illuminate\Foundation\Http\Kernel.php(145): Illuminate\Foundation\Http\Kernel->sendRequestThroughRouter(Object(Illuminate\Http\Request))
#32 C:\xampp\htdocs\laravel-packages\tallpress\vendor\laravel\framework\src\Illuminate\Foundation\Testing\Concerns\MakesHttpRequests.php(607): Illuminate\Foundation\Http\Kernel->handle(Object(Illuminate\Http\Request))
#33 C:\xampp\htdocs\laravel-packages\tallpress\vendor\laravel\framework\src\Illuminate\Foundation\Testing\Concerns\MakesHttpRequests.php(573): Orchestra\Testbench\TestCase->call('PUT', 'http://localhos...', Array, Array, Array, Array, '{"title":"Updat...')
#34 C:\xampp\htdocs\laravel-packages\tallpress\vendor\laravel\framework\src\Illuminate\Foundation\Testing\Concerns\MakesHttpRequests.php(441): Orchestra\Testbench\TestCase->json('PUT', 'http://localhos...', Array, Array, 0)
#35 C:\xampp\htdocs\laravel-packages\tallpress\tests\Feature\ApiRoutesTest.php(87): Orchestra\Testbench\TestCase->putJson('http://localhos...', Array)
#36 C:\xampp\htdocs\laravel-packages\tallpress\vendor\pestphp\pest\src\Factories\TestCaseMethodFactory.php(110): P\Tests\Feature\ApiRoutesTest->{closure}()
#37 [internal function]: P\Tests\Feature\ApiRoutesTest->Pest\Factories\{closure}()
#38 C:\xampp\htdocs\laravel-packages\tallpress\vendor\pestphp\pest\src\Concerns\Testable.php(339): call_user_func_array(Object(Closure), Array)
#39 C:\xampp\htdocs\laravel-packages\tallpress\vendor\pestphp\pest\src\Support\ExceptionTrace.php(26): P\Tests\Feature\ApiRoutesTest->Pest\Concerns\{closure}()
#40 C:\xampp\htdocs\laravel-packages\tallpress\vendor\pestphp\pest\src\Concerns\Testable.php(339): Pest\Support\ExceptionTrace::ensure(Object(Closure))
#41 C:\xampp\htdocs\laravel-packages\tallpress\vendor\pestphp\pest\src\Concerns\Testable.php(256): P\Tests\Feature\ApiRoutesTest->__callClosure(Object(Closure), Array)
#42 C:\xampp\htdocs\laravel-packages\tallpress\vendor\pestphp\pest\src\Factories\TestCaseFactory.php(197) : eval()'d code(86): P\Tests\Feature\ApiRoutesTest->__runTest(Object(Closure))
#43 C:\xampp\htdocs\laravel-packages\tallpress\vendor\phpunit\phpunit\src\Framework\TestCase.php(1188): P\Tests\Feature\ApiRoutesTest->__pest_evaluable_it_updates_post_via_api_when_authenticated()
#44 C:\xampp\htdocs\laravel-packages\tallpress\vendor\phpunit\phpunit\src\Framework\TestCase.php(687): PHPUnit\Framework\TestCase->runTest()
#45 C:\xampp\htdocs\laravel-packages\tallpress\vendor\phpunit\phpunit\src\Framework\TestRunner.php(106): PHPUnit\Framework\TestCase->runBare()
#46 C:\xampp\htdocs\laravel-packages\tallpress\vendor\phpunit\phpunit\src\Framework\TestCase.php(517): PHPUnit\Framework\TestRunner->run(Object(P\Tests\Feature\ApiRoutesTest))
#47 C:\xampp\htdocs\laravel-packages\tallpress\vendor\phpunit\phpunit\src\Framework\TestSuite.php(380): PHPUnit\Framework\TestCase->run()
#48 C:\xampp\htdocs\laravel-packages\tallpress\vendor\phpunit\phpunit\src\Framework\TestSuite.php(380): PHPUnit\Framework\TestSuite->run()
#49 C:\xampp\htdocs\laravel-packages\tallpress\vendor\phpunit\phpunit\src\Framework\TestSuite.php(380): PHPUnit\Framework\TestSuite->run()
#50 C:\xampp\htdocs\laravel-packages\tallpress\vendor\phpunit\phpunit\src\TextUI\TestRunner.php(64): PHPUnit\Framework\TestSuite->run()
#51 C:\xampp\htdocs\laravel-packages\tallpress\vendor\phpunit\phpunit\src\TextUI\Application.php(202): PHPUnit\TextUI\TestRunner->run(Object(PHPUnit\TextUI\Configuration\Configuration), Object(PHPUnit\Runner\ResultCache\DefaultResultCache), Object(PHPUnit\Framework\TestSuite))
#52 C:\xampp\htdocs\laravel-packages\tallpress\vendor\pestphp\pest\src\Kernel.php(103): PHPUnit\TextUI\Application->run(Array)
#53 C:\xampp\htdocs\laravel-packages\tallpress\vendor\pestphp\pest\bin\pest(91): Pest\Kernel->handle(Array, Array)
#54 C:\xampp\htdocs\laravel-packages\tallpress\vendor\pestphp\pest\bin\pest(99): {closure}()
#55 C:\xampp\htdocs\laravel-packages\tallpress\vendor\bin\pest(119): include('C:\\xampp\\htdocs...')
#56 {main}

----------------------------------------------------------------------------------

Auth guard [sanctum] is not defined.

  at tests\Feature\ApiRoutesTest.php:93
     89Γûò         'body' => 'Updated body',
     90Γûò         'status' => 'published',
     91Γûò     ]);
     92Γûò 
  Γ₧£  93Γûò     $response->assertStatus(200);
     94Γûò     $response->assertJson([
     95Γûò         'data' => [
     96Γûò             'title' => 'Updated via API',
     97Γûò         ],

  ΓöÇΓöÇΓöÇΓöÇΓöÇΓöÇΓöÇΓöÇΓöÇΓöÇΓöÇΓöÇΓöÇΓöÇΓöÇΓöÇΓöÇΓöÇΓöÇΓöÇΓöÇΓöÇΓöÇΓöÇΓöÇΓöÇΓöÇΓöÇΓöÇΓöÇΓöÇΓöÇΓöÇΓöÇΓöÇΓöÇΓöÇΓöÇΓöÇΓöÇΓöÇΓöÇΓöÇΓöÇΓöÇΓöÇΓöÇΓöÇΓöÇΓöÇΓöÇΓöÇΓöÇΓöÇΓöÇΓöÇΓöÇΓöÇΓöÇΓöÇΓöÇΓöÇΓöÇΓöÇΓöÇΓöÇΓöÇΓöÇΓöÇΓöÇΓöÇΓöÇΓöÇΓöÇΓöÇΓöÇΓöÇΓöÇΓöÇΓöÇΓöÇΓöÇΓöÇΓöÇΓöÇΓöÇΓöÇΓöÇΓöÇΓöÇΓöÇΓöÇΓöÇΓöÇΓöÇΓöÇΓöÇΓöÇΓöÇΓöÇΓöÇΓöÇΓöÇΓöÇΓöÇΓöÇΓöÇΓöÇΓöÇ  
   FAILED  Tests\Feature\ApiRoutesTest > it validates post data on create                                        
  Expected response status code [422] but received 500.
Failed asserting that 500 is identical to 422.

The following exception occurred during the last request:

InvalidArgumentException: Auth guard [sanctum] is not defined. in C:\xampp\htdocs\laravel-packages\tallpress\vendor\laravel\framework\src\Illuminate\Auth\AuthManager.php:86
Stack trace:
#0 C:\xampp\htdocs\laravel-packages\tallpress\vendor\laravel\framework\src\Illuminate\Auth\AuthManager.php(70): Illuminate\Auth\AuthManager->resolve('sanctum')
#1 C:\xampp\htdocs\laravel-packages\tallpress\vendor\laravel\framework\src\Illuminate\Auth\Middleware\Authenticate.php(83): Illuminate\Auth\AuthManager->guard('sanctum')
#2 C:\xampp\htdocs\laravel-packages\tallpress\vendor\laravel\framework\src\Illuminate\Auth\Middleware\Authenticate.php(62): Illuminate\Auth\Middleware\Authenticate->authenticate(Object(Illuminate\Http\Request), Array)
#3 C:\xampp\htdocs\laravel-packages\tallpress\vendor\laravel\framework\src\Illuminate\Pipeline\Pipeline.php(209): Illuminate\Auth\Middleware\Authenticate->handle(Object(Illuminate\Http\Request), Object(Closure), 'sanctum')
#4 C:\xampp\htdocs\laravel-packages\tallpress\vendor\laravel\framework\src\Illuminate\Pipeline\Pipeline.php(127): Illuminate\Pipeline\Pipeline->Illuminate\Pipeline\{closure}(Object(Illuminate\Http\Request))
#5 C:\xampp\htdocs\laravel-packages\tallpress\vendor\laravel\framework\src\Illuminate\Routing\Router.php(807): Illuminate\Pipeline\Pipeline->then(Object(Closure))
#6 C:\xampp\htdocs\laravel-packages\tallpress\vendor\laravel\framework\src\Illuminate\Routing\Router.php(786): Illuminate\Routing\Router->runRouteWithinStack(Object(Illuminate\Routing\Route), Object(Illuminate\Http\Request))
#7 C:\xampp\htdocs\laravel-packages\tallpress\vendor\laravel\framework\src\Illuminate\Routing\Router.php(750): Illuminate\Routing\Router->runRoute(Object(Illuminate\Http\Request), Object(Illuminate\Routing\Route))
#8 C:\xampp\htdocs\laravel-packages\tallpress\vendor\laravel\framework\src\Illuminate\Routing\Router.php(739): Illuminate\Routing\Router->dispatchToRoute(Object(Illuminate\Http\Request))
#9 C:\xampp\htdocs\laravel-packages\tallpress\vendor\laravel\framework\src\Illuminate\Foundation\Http\Kernel.php(201): Illuminate\Routing\Router->dispatch(Object(Illuminate\Http\Request))
#10 C:\xampp\htdocs\laravel-packages\tallpress\vendor\laravel\framework\src\Illuminate\Pipeline\Pipeline.php(170): Illuminate\Foundation\Http\Kernel->Illuminate\Foundation\Http\{closure}(Object(Illuminate\Http\Request))
#11 C:\xampp\htdocs\laravel-packages\tallpress\vendor\livewire\livewire\src\Features\SupportDisablingBackButtonCache\DisableBackButtonCacheMiddleware.php(19): Illuminate\Pipeline\Pipeline->Illuminate\Pipeline\{closure}(Object(Illuminate\Http\Request))
#12 C:\xampp\htdocs\laravel-packages\tallpress\vendor\laravel\framework\src\Illuminate\Pipeline\Pipeline.php(209): Livewire\Features\SupportDisablingBackButtonCache\DisableBackButtonCacheMiddleware->handle(Object(Illuminate\Http\Request), Object(Closure))
#13 C:\xampp\htdocs\laravel-packages\tallpress\vendor\laravel\framework\src\Illuminate\Foundation\Http\Middleware\TransformsRequest.php(21): Illuminate\Pipeline\Pipeline->Illuminate\Pipeline\{closure}(Object(Illuminate\Http\Request))
#14 C:\xampp\htdocs\laravel-packages\tallpress\vendor\laravel\framework\src\Illuminate\Foundation\Http\Middleware\ConvertEmptyStringsToNull.php(31): Illuminate\Foundation\Http\Middleware\TransformsRequest->handle(Object(Illuminate\Http\Request), Object(Closure))
#15 C:\xampp\htdocs\laravel-packages\tallpress\vendor\laravel\framework\src\Illuminate\Pipeline\Pipeline.php(209): Illuminate\Foundation\Http\Middleware\ConvertEmptyStringsToNull->handle(Object(Illuminate\Http\Request), Object(Closure))
#16 C:\xampp\htdocs\laravel-packages\tallpress\vendor\laravel\framework\src\Illuminate\Foundation\Http\Middleware\TransformsRequest.php(21): Illuminate\Pipeline\Pipeline->Illuminate\Pipeline\{closure}(Object(Illuminate\Http\Request))
#17 C:\xampp\htdocs\laravel-packages\tallpress\vendor\laravel\framework\src\Illuminate\Foundation\Http\Middleware\TrimStrings.php(51): Illuminate\Foundation\Http\Middleware\TransformsRequest->handle(Object(Illuminate\Http\Request), Object(Closure))
#18 C:\xampp\htdocs\laravel-packages\tallpress\vendor\laravel\framework\src\Illuminate\Pipeline\Pipeline.php(209): Illuminate\Foundation\Http\Middleware\TrimStrings->handle(Object(Illuminate\Http\Request), Object(Closure))
#19 C:\xampp\htdocs\laravel-packages\tallpress\vendor\laravel\framework\src\Illuminate\Http\Middleware\ValidatePostSize.php(27): Illuminate\Pipeline\Pipeline->Illuminate\Pipeline\{closure}(Object(Illuminate\Http\Request))
#20 C:\xampp\htdocs\laravel-packages\tallpress\vendor\laravel\framework\src\Illuminate\Pipeline\Pipeline.php(209): Illuminate\Http\Middleware\ValidatePostSize->handle(Object(Illuminate\Http\Request), Object(Closure))
#21 C:\xampp\htdocs\laravel-packages\tallpress\vendor\laravel\framework\src\Illuminate\Foundation\Http\Middleware\PreventRequestsDuringMaintenance.php(110): Illuminate\Pipeline\Pipeline->Illuminate\Pipeline\{closure}(Object(Illuminate\Http\Request))
#22 C:\xampp\htdocs\laravel-packages\tallpress\vendor\laravel\framework\src\Illuminate\Pipeline\Pipeline.php(209): Illuminate\Foundation\Http\Middleware\PreventRequestsDuringMaintenance->handle(Object(Illuminate\Http\Request), Object(Closure))
#23 C:\xampp\htdocs\laravel-packages\tallpress\vendor\laravel\framework\src\Illuminate\Http\Middleware\HandleCors.php(62): Illuminate\Pipeline\Pipeline->Illuminate\Pipeline\{closure}(Object(Illuminate\Http\Request))
#24 C:\xampp\htdocs\laravel-packages\tallpress\vendor\laravel\framework\src\Illuminate\Pipeline\Pipeline.php(209): Illuminate\Http\Middleware\HandleCors->handle(Object(Illuminate\Http\Request), Object(Closure))
#25 C:\xampp\htdocs\laravel-packages\tallpress\vendor\laravel\framework\src\Illuminate\Http\Middleware\TrustProxies.php(58): Illuminate\Pipeline\Pipeline->Illuminate\Pipeline\{closure}(Object(Illuminate\Http\Request))
#26 C:\xampp\htdocs\laravel-packages\tallpress\vendor\laravel\framework\src\Illuminate\Pipeline\Pipeline.php(209): Illuminate\Http\Middleware\TrustProxies->handle(Object(Illuminate\Http\Request), Object(Closure))
#27 C:\xampp\htdocs\laravel-packages\tallpress\vendor\laravel\framework\src\Illuminate\Foundation\Http\Middleware\InvokeDeferredCallbacks.php(22): Illuminate\Pipeline\Pipeline->Illuminate\Pipeline\{closure}(Object(Illuminate\Http\Request))
#28 C:\xampp\htdocs\laravel-packages\tallpress\vendor\laravel\framework\src\Illuminate\Pipeline\Pipeline.php(209): Illuminate\Foundation\Http\Middleware\InvokeDeferredCallbacks->handle(Object(Illuminate\Http\Request), Object(Closure))
#29 C:\xampp\htdocs\laravel-packages\tallpress\vendor\laravel\framework\src\Illuminate\Pipeline\Pipeline.php(127): Illuminate\Pipeline\Pipeline->Illuminate\Pipeline\{closure}(Object(Illuminate\Http\Request))
#30 C:\xampp\htdocs\laravel-packages\tallpress\vendor\laravel\framework\src\Illuminate\Foundation\Http\Kernel.php(176): Illuminate\Pipeline\Pipeline->then(Object(Closure))
#31 C:\xampp\htdocs\laravel-packages\tallpress\vendor\laravel\framework\src\Illuminate\Foundation\Http\Kernel.php(145): Illuminate\Foundation\Http\Kernel->sendRequestThroughRouter(Object(Illuminate\Http\Request))
#32 C:\xampp\htdocs\laravel-packages\tallpress\vendor\laravel\framework\src\Illuminate\Foundation\Testing\Concerns\MakesHttpRequests.php(607): Illuminate\Foundation\Http\Kernel->handle(Object(Illuminate\Http\Request))
#33 C:\xampp\htdocs\laravel-packages\tallpress\vendor\laravel\framework\src\Illuminate\Foundation\Testing\Concerns\MakesHttpRequests.php(573): Orchestra\Testbench\TestCase->call('POST', 'http://localhos...', Array, Array, Array, Array, '{"title":"","bo...')
#34 C:\xampp\htdocs\laravel-packages\tallpress\vendor\laravel\framework\src\Illuminate\Foundation\Testing\Concerns\MakesHttpRequests.php(411): Orchestra\Testbench\TestCase->json('POST', 'http://localhos...', Array, Array, 0)
#35 C:\xampp\htdocs\laravel-packages\tallpress\tests\Feature\ApiRoutesTest.php(115): Orchestra\Testbench\TestCase->postJson('http://localhos...', Array)
#36 C:\xampp\htdocs\laravel-packages\tallpress\vendor\pestphp\pest\src\Factories\TestCaseMethodFactory.php(110): P\Tests\Feature\ApiRoutesTest->{closure}()
#37 [internal function]: P\Tests\Feature\ApiRoutesTest->Pest\Factories\{closure}()
#38 C:\xampp\htdocs\laravel-packages\tallpress\vendor\pestphp\pest\src\Concerns\Testable.php(339): call_user_func_array(Object(Closure), Array)
#39 C:\xampp\htdocs\laravel-packages\tallpress\vendor\pestphp\pest\src\Support\ExceptionTrace.php(26): P\Tests\Feature\ApiRoutesTest->Pest\Concerns\{closure}()
#40 C:\xampp\htdocs\laravel-packages\tallpress\vendor\pestphp\pest\src\Concerns\Testable.php(339): Pest\Support\ExceptionTrace::ensure(Object(Closure))
#41 C:\xampp\htdocs\laravel-packages\tallpress\vendor\pestphp\pest\src\Concerns\Testable.php(256): P\Tests\Feature\ApiRoutesTest->__callClosure(Object(Closure), Array)
#42 C:\xampp\htdocs\laravel-packages\tallpress\vendor\pestphp\pest\src\Factories\TestCaseFactory.php(197) : eval()'d code(116): P\Tests\Feature\ApiRoutesTest->__runTest(Object(Closure))
#43 C:\xampp\htdocs\laravel-packages\tallpress\vendor\phpunit\phpunit\src\Framework\TestCase.php(1188): P\Tests\Feature\ApiRoutesTest->__pest_evaluable_it_validates_post_data_on_create()
#44 C:\xampp\htdocs\laravel-packages\tallpress\vendor\phpunit\phpunit\src\Framework\TestCase.php(687): PHPUnit\Framework\TestCase->runTest()
#45 C:\xampp\htdocs\laravel-packages\tallpress\vendor\phpunit\phpunit\src\Framework\TestRunner.php(106): PHPUnit\Framework\TestCase->runBare()
#46 C:\xampp\htdocs\laravel-packages\tallpress\vendor\phpunit\phpunit\src\Framework\TestCase.php(517): PHPUnit\Framework\TestRunner->run(Object(P\Tests\Feature\ApiRoutesTest))
#47 C:\xampp\htdocs\laravel-packages\tallpress\vendor\phpunit\phpunit\src\Framework\TestSuite.php(380): PHPUnit\Framework\TestCase->run()
#48 C:\xampp\htdocs\laravel-packages\tallpress\vendor\phpunit\phpunit\src\Framework\TestSuite.php(380): PHPUnit\Framework\TestSuite->run()
#49 C:\xampp\htdocs\laravel-packages\tallpress\vendor\phpunit\phpunit\src\Framework\TestSuite.php(380): PHPUnit\Framework\TestSuite->run()
#50 C:\xampp\htdocs\laravel-packages\tallpress\vendor\phpunit\phpunit\src\TextUI\TestRunner.php(64): PHPUnit\Framework\TestSuite->run()
#51 C:\xampp\htdocs\laravel-packages\tallpress\vendor\phpunit\phpunit\src\TextUI\Application.php(202): PHPUnit\TextUI\TestRunner->run(Object(PHPUnit\TextUI\Configuration\Configuration), Object(PHPUnit\Runner\ResultCache\DefaultResultCache), Object(PHPUnit\Framework\TestSuite))
#52 C:\xampp\htdocs\laravel-packages\tallpress\vendor\pestphp\pest\src\Kernel.php(103): PHPUnit\TextUI\Application->run(Array)
#53 C:\xampp\htdocs\laravel-packages\tallpress\vendor\pestphp\pest\bin\pest(91): Pest\Kernel->handle(Array, Array)
#54 C:\xampp\htdocs\laravel-packages\tallpress\vendor\pestphp\pest\bin\pest(99): {closure}()
#55 C:\xampp\htdocs\laravel-packages\tallpress\vendor\bin\pest(119): include('C:\\xampp\\htdocs...')
#56 {main}

----------------------------------------------------------------------------------

Auth guard [sanctum] is not defined.

  at tests\Feature\ApiRoutesTest.php:120
    116Γûò         'title' => '', // Required field
    117Γûò         'body' => '',  // Required field
    118Γûò     ]);
    119Γûò 
  Γ₧£ 120Γûò     $response->assertStatus(422);
    121Γûò     $response->assertJsonValidationErrors(['title', 'body']);
    122Γûò });
    123Γûò 
    124Γûò it('validates post data on update', function () {

  ΓöÇΓöÇΓöÇΓöÇΓöÇΓöÇΓöÇΓöÇΓöÇΓöÇΓöÇΓöÇΓöÇΓöÇΓöÇΓöÇΓöÇΓöÇΓöÇΓöÇΓöÇΓöÇΓöÇΓöÇΓöÇΓöÇΓöÇΓöÇΓöÇΓöÇΓöÇΓöÇΓöÇΓöÇΓöÇΓöÇΓöÇΓöÇΓöÇΓöÇΓöÇΓöÇΓöÇΓöÇΓöÇΓöÇΓöÇΓöÇΓöÇΓöÇΓöÇΓöÇΓöÇΓöÇΓöÇΓöÇΓöÇΓöÇΓöÇΓöÇΓöÇΓöÇΓöÇΓöÇΓöÇΓöÇΓöÇΓöÇΓöÇΓöÇΓöÇΓöÇΓöÇΓöÇΓöÇΓöÇΓöÇΓöÇΓöÇΓöÇΓöÇΓöÇΓöÇΓöÇΓöÇΓöÇΓöÇΓöÇΓöÇΓöÇΓöÇΓöÇΓöÇΓöÇΓöÇΓöÇΓöÇΓöÇΓöÇΓöÇΓöÇΓöÇΓöÇΓöÇΓöÇΓöÇΓöÇΓöÇΓöÇ  
   FAILED  Tests\Feature\ApiRoutesTest > it requires authentication to create post via api                       
  Expected response status code [401] but received 500.
Failed asserting that 500 is identical to 401.

The following exception occurred during the last request:

InvalidArgumentException: Auth guard [sanctum] is not defined. in C:\xampp\htdocs\laravel-packages\tallpress\vendor\laravel\framework\src\Illuminate\Auth\AuthManager.php:86
Stack trace:
#0 C:\xampp\htdocs\laravel-packages\tallpress\vendor\laravel\framework\src\Illuminate\Auth\AuthManager.php(70): Illuminate\Auth\AuthManager->resolve('sanctum')
#1 C:\xampp\htdocs\laravel-packages\tallpress\vendor\laravel\framework\src\Illuminate\Auth\Middleware\Authenticate.php(83): Illuminate\Auth\AuthManager->guard('sanctum')
#2 C:\xampp\htdocs\laravel-packages\tallpress\vendor\laravel\framework\src\Illuminate\Auth\Middleware\Authenticate.php(62): Illuminate\Auth\Middleware\Authenticate->authenticate(Object(Illuminate\Http\Request), Array)
#3 C:\xampp\htdocs\laravel-packages\tallpress\vendor\laravel\framework\src\Illuminate\Pipeline\Pipeline.php(209): Illuminate\Auth\Middleware\Authenticate->handle(Object(Illuminate\Http\Request), Object(Closure), 'sanctum')
#4 C:\xampp\htdocs\laravel-packages\tallpress\vendor\laravel\framework\src\Illuminate\Pipeline\Pipeline.php(127): Illuminate\Pipeline\Pipeline->Illuminate\Pipeline\{closure}(Object(Illuminate\Http\Request))
#5 C:\xampp\htdocs\laravel-packages\tallpress\vendor\laravel\framework\src\Illuminate\Routing\Router.php(807): Illuminate\Pipeline\Pipeline->then(Object(Closure))
#6 C:\xampp\htdocs\laravel-packages\tallpress\vendor\laravel\framework\src\Illuminate\Routing\Router.php(786): Illuminate\Routing\Router->runRouteWithinStack(Object(Illuminate\Routing\Route), Object(Illuminate\Http\Request))
#7 C:\xampp\htdocs\laravel-packages\tallpress\vendor\laravel\framework\src\Illuminate\Routing\Router.php(750): Illuminate\Routing\Router->runRoute(Object(Illuminate\Http\Request), Object(Illuminate\Routing\Route))
#8 C:\xampp\htdocs\laravel-packages\tallpress\vendor\laravel\framework\src\Illuminate\Routing\Router.php(739): Illuminate\Routing\Router->dispatchToRoute(Object(Illuminate\Http\Request))
#9 C:\xampp\htdocs\laravel-packages\tallpress\vendor\laravel\framework\src\Illuminate\Foundation\Http\Kernel.php(201): Illuminate\Routing\Router->dispatch(Object(Illuminate\Http\Request))
#10 C:\xampp\htdocs\laravel-packages\tallpress\vendor\laravel\framework\src\Illuminate\Pipeline\Pipeline.php(170): Illuminate\Foundation\Http\Kernel->Illuminate\Foundation\Http\{closure}(Object(Illuminate\Http\Request))
#11 C:\xampp\htdocs\laravel-packages\tallpress\vendor\livewire\livewire\src\Features\SupportDisablingBackButtonCache\DisableBackButtonCacheMiddleware.php(19): Illuminate\Pipeline\Pipeline->Illuminate\Pipeline\{closure}(Object(Illuminate\Http\Request))
#12 C:\xampp\htdocs\laravel-packages\tallpress\vendor\laravel\framework\src\Illuminate\Pipeline\Pipeline.php(209): Livewire\Features\SupportDisablingBackButtonCache\DisableBackButtonCacheMiddleware->handle(Object(Illuminate\Http\Request), Object(Closure))
#13 C:\xampp\htdocs\laravel-packages\tallpress\vendor\laravel\framework\src\Illuminate\Foundation\Http\Middleware\TransformsRequest.php(21): Illuminate\Pipeline\Pipeline->Illuminate\Pipeline\{closure}(Object(Illuminate\Http\Request))
#14 C:\xampp\htdocs\laravel-packages\tallpress\vendor\laravel\framework\src\Illuminate\Foundation\Http\Middleware\ConvertEmptyStringsToNull.php(31): Illuminate\Foundation\Http\Middleware\TransformsRequest->handle(Object(Illuminate\Http\Request), Object(Closure))
#15 C:\xampp\htdocs\laravel-packages\tallpress\vendor\laravel\framework\src\Illuminate\Pipeline\Pipeline.php(209): Illuminate\Foundation\Http\Middleware\ConvertEmptyStringsToNull->handle(Object(Illuminate\Http\Request), Object(Closure))
#16 C:\xampp\htdocs\laravel-packages\tallpress\vendor\laravel\framework\src\Illuminate\Foundation\Http\Middleware\TransformsRequest.php(21): Illuminate\Pipeline\Pipeline->Illuminate\Pipeline\{closure}(Object(Illuminate\Http\Request))
#17 C:\xampp\htdocs\laravel-packages\tallpress\vendor\laravel\framework\src\Illuminate\Foundation\Http\Middleware\TrimStrings.php(51): Illuminate\Foundation\Http\Middleware\TransformsRequest->handle(Object(Illuminate\Http\Request), Object(Closure))
#18 C:\xampp\htdocs\laravel-packages\tallpress\vendor\laravel\framework\src\Illuminate\Pipeline\Pipeline.php(209): Illuminate\Foundation\Http\Middleware\TrimStrings->handle(Object(Illuminate\Http\Request), Object(Closure))
#19 C:\xampp\htdocs\laravel-packages\tallpress\vendor\laravel\framework\src\Illuminate\Http\Middleware\ValidatePostSize.php(27): Illuminate\Pipeline\Pipeline->Illuminate\Pipeline\{closure}(Object(Illuminate\Http\Request))
#20 C:\xampp\htdocs\laravel-packages\tallpress\vendor\laravel\framework\src\Illuminate\Pipeline\Pipeline.php(209): Illuminate\Http\Middleware\ValidatePostSize->handle(Object(Illuminate\Http\Request), Object(Closure))
#21 C:\xampp\htdocs\laravel-packages\tallpress\vendor\laravel\framework\src\Illuminate\Foundation\Http\Middleware\PreventRequestsDuringMaintenance.php(110): Illuminate\Pipeline\Pipeline->Illuminate\Pipeline\{closure}(Object(Illuminate\Http\Request))
#22 C:\xampp\htdocs\laravel-packages\tallpress\vendor\laravel\framework\src\Illuminate\Pipeline\Pipeline.php(209): Illuminate\Foundation\Http\Middleware\PreventRequestsDuringMaintenance->handle(Object(Illuminate\Http\Request), Object(Closure))
#23 C:\xampp\htdocs\laravel-packages\tallpress\vendor\laravel\framework\src\Illuminate\Http\Middleware\HandleCors.php(62): Illuminate\Pipeline\Pipeline->Illuminate\Pipeline\{closure}(Object(Illuminate\Http\Request))
#24 C:\xampp\htdocs\laravel-packages\tallpress\vendor\laravel\framework\src\Illuminate\Pipeline\Pipeline.php(209): Illuminate\Http\Middleware\HandleCors->handle(Object(Illuminate\Http\Request), Object(Closure))
#25 C:\xampp\htdocs\laravel-packages\tallpress\vendor\laravel\framework\src\Illuminate\Http\Middleware\TrustProxies.php(58): Illuminate\Pipeline\Pipeline->Illuminate\Pipeline\{closure}(Object(Illuminate\Http\Request))
#26 C:\xampp\htdocs\laravel-packages\tallpress\vendor\laravel\framework\src\Illuminate\Pipeline\Pipeline.php(209): Illuminate\Http\Middleware\TrustProxies->handle(Object(Illuminate\Http\Request), Object(Closure))
#27 C:\xampp\htdocs\laravel-packages\tallpress\vendor\laravel\framework\src\Illuminate\Foundation\Http\Middleware\InvokeDeferredCallbacks.php(22): Illuminate\Pipeline\Pipeline->Illuminate\Pipeline\{closure}(Object(Illuminate\Http\Request))
#28 C:\xampp\htdocs\laravel-packages\tallpress\vendor\laravel\framework\src\Illuminate\Pipeline\Pipeline.php(209): Illuminate\Foundation\Http\Middleware\InvokeDeferredCallbacks->handle(Object(Illuminate\Http\Request), Object(Closure))
#29 C:\xampp\htdocs\laravel-packages\tallpress\vendor\laravel\framework\src\Illuminate\Pipeline\Pipeline.php(127): Illuminate\Pipeline\Pipeline->Illuminate\Pipeline\{closure}(Object(Illuminate\Http\Request))
#30 C:\xampp\htdocs\laravel-packages\tallpress\vendor\laravel\framework\src\Illuminate\Foundation\Http\Kernel.php(176): Illuminate\Pipeline\Pipeline->then(Object(Closure))
#31 C:\xampp\htdocs\laravel-packages\tallpress\vendor\laravel\framework\src\Illuminate\Foundation\Http\Kernel.php(145): Illuminate\Foundation\Http\Kernel->sendRequestThroughRouter(Object(Illuminate\Http\Request))
#32 C:\xampp\htdocs\laravel-packages\tallpress\vendor\laravel\framework\src\Illuminate\Foundation\Testing\Concerns\MakesHttpRequests.php(607): Illuminate\Foundation\Http\Kernel->handle(Object(Illuminate\Http\Request))
#33 C:\xampp\htdocs\laravel-packages\tallpress\vendor\laravel\framework\src\Illuminate\Foundation\Testing\Concerns\MakesHttpRequests.php(573): Orchestra\Testbench\TestCase->call('POST', 'http://localhos...', Array, Array, Array, Array, '{"title":"Test ...')
#34 C:\xampp\htdocs\laravel-packages\tallpress\vendor\laravel\framework\src\Illuminate\Foundation\Testing\Concerns\MakesHttpRequests.php(411): Orchestra\Testbench\TestCase->json('POST', 'http://localhos...', Array, Array, 0)
#35 C:\xampp\htdocs\laravel-packages\tallpress\tests\Feature\ApiRoutesTest.php(50): Orchestra\Testbench\TestCase->postJson('http://localhos...', Array)
#36 C:\xampp\htdocs\laravel-packages\tallpress\vendor\pestphp\pest\src\Factories\TestCaseMethodFactory.php(110): P\Tests\Feature\ApiRoutesTest->{closure}()
#37 [internal function]: P\Tests\Feature\ApiRoutesTest->Pest\Factories\{closure}()
#38 C:\xampp\htdocs\laravel-packages\tallpress\vendor\pestphp\pest\src\Concerns\Testable.php(339): call_user_func_array(Object(Closure), Array)
#39 C:\xampp\htdocs\laravel-packages\tallpress\vendor\pestphp\pest\src\Support\ExceptionTrace.php(26): P\Tests\Feature\ApiRoutesTest->Pest\Concerns\{closure}()
#40 C:\xampp\htdocs\laravel-packages\tallpress\vendor\pestphp\pest\src\Concerns\Testable.php(339): Pest\Support\ExceptionTrace::ensure(Object(Closure))
#41 C:\xampp\htdocs\laravel-packages\tallpress\vendor\pestphp\pest\src\Concerns\Testable.php(256): P\Tests\Feature\ApiRoutesTest->__callClosure(Object(Closure), Array)
#42 C:\xampp\htdocs\laravel-packages\tallpress\vendor\pestphp\pest\src\Factories\TestCaseFactory.php(197) : eval()'d code(56): P\Tests\Feature\ApiRoutesTest->__runTest(Object(Closure))
#43 C:\xampp\htdocs\laravel-packages\tallpress\vendor\phpunit\phpunit\src\Framework\TestCase.php(1188): P\Tests\Feature\ApiRoutesTest->__pest_evaluable_it_requires_authentication_to_create_post_via_api()
#44 C:\xampp\htdocs\laravel-packages\tallpress\vendor\phpunit\phpunit\src\Framework\TestCase.php(687): PHPUnit\Framework\TestCase->runTest()
#45 C:\xampp\htdocs\laravel-packages\tallpress\vendor\phpunit\phpunit\src\Framework\TestRunner.php(106): PHPUnit\Framework\TestCase->runBare()
#46 C:\xampp\htdocs\laravel-packages\tallpress\vendor\phpunit\phpunit\src\Framework\TestCase.php(517): PHPUnit\Framework\TestRunner->run(Object(P\Tests\Feature\ApiRoutesTest))
#47 C:\xampp\htdocs\laravel-packages\tallpress\vendor\phpunit\phpunit\src\Framework\TestSuite.php(380): PHPUnit\Framework\TestCase->run()
#48 C:\xampp\htdocs\laravel-packages\tallpress\vendor\phpunit\phpunit\src\Framework\TestSuite.php(380): PHPUnit\Framework\TestSuite->run()
#49 C:\xampp\htdocs\laravel-packages\tallpress\vendor\phpunit\phpunit\src\Framework\TestSuite.php(380): PHPUnit\Framework\TestSuite->run()
#50 C:\xampp\htdocs\laravel-packages\tallpress\vendor\phpunit\phpunit\src\TextUI\TestRunner.php(64): PHPUnit\Framework\TestSuite->run()
#51 C:\xampp\htdocs\laravel-packages\tallpress\vendor\phpunit\phpunit\src\TextUI\Application.php(202): PHPUnit\TextUI\TestRunner->run(Object(PHPUnit\TextUI\Configuration\Configuration), Object(PHPUnit\Runner\ResultCache\DefaultResultCache), Object(PHPUnit\Framework\TestSuite))
#52 C:\xampp\htdocs\laravel-packages\tallpress\vendor\pestphp\pest\src\Kernel.php(103): PHPUnit\TextUI\Application->run(Array)
#53 C:\xampp\htdocs\laravel-packages\tallpress\vendor\pestphp\pest\bin\pest(91): Pest\Kernel->handle(Array, Array)
#54 C:\xampp\htdocs\laravel-packages\tallpress\vendor\pestphp\pest\bin\pest(99): {closure}()
#55 C:\xampp\htdocs\laravel-packages\tallpress\vendor\bin\pest(119): include('C:\\xampp\\htdocs...')
#56 {main}

----------------------------------------------------------------------------------

Auth guard [sanctum] is not defined.

  at tests\Feature\ApiRoutesTest.php:56
     52Γûò         'body' => 'Test body',
     53Γûò         'status' => 'draft',
     54Γûò     ]);
     55Γûò 
  Γ₧£  56Γûò     $response->assertStatus(401);
     57Γûò });
     58Γûò 
     59Γûò it('creates post via api when authenticated', function () {
     60Γûò     $this->actingAs($this->user);

  ΓöÇΓöÇΓöÇΓöÇΓöÇΓöÇΓöÇΓöÇΓöÇΓöÇΓöÇΓöÇΓöÇΓöÇΓöÇΓöÇΓöÇΓöÇΓöÇΓöÇΓöÇΓöÇΓöÇΓöÇΓöÇΓöÇΓöÇΓöÇΓöÇΓöÇΓöÇΓöÇΓöÇΓöÇΓöÇΓöÇΓöÇΓöÇΓöÇΓöÇΓöÇΓöÇΓöÇΓöÇΓöÇΓöÇΓöÇΓöÇΓöÇΓöÇΓöÇΓöÇΓöÇΓöÇΓöÇΓöÇΓöÇΓöÇΓöÇΓöÇΓöÇΓöÇΓöÇΓöÇΓöÇΓöÇΓöÇΓöÇΓöÇΓöÇΓöÇΓöÇΓöÇΓöÇΓöÇΓöÇΓöÇΓöÇΓöÇΓöÇΓöÇΓöÇΓöÇΓöÇΓöÇΓöÇΓöÇΓöÇΓöÇΓöÇΓöÇΓöÇΓöÇΓöÇΓöÇΓöÇΓöÇΓöÇΓöÇΓöÇΓöÇΓöÇΓöÇΓöÇΓöÇΓöÇΓöÇΓöÇΓöÇ  
   FAILED  Tests\Feature\ApiRoutesTest > it deletes post via api when authenticated                              
  Expected response status code [204] but received 500.
Failed asserting that 500 is identical to 204.

The following exception occurred during the last request:

InvalidArgumentException: Auth guard [sanctum] is not defined. in C:\xampp\htdocs\laravel-packages\tallpress\vendor\laravel\framework\src\Illuminate\Auth\AuthManager.php:86
Stack trace:
#0 C:\xampp\htdocs\laravel-packages\tallpress\vendor\laravel\framework\src\Illuminate\Auth\AuthManager.php(70): Illuminate\Auth\AuthManager->resolve('sanctum')
#1 C:\xampp\htdocs\laravel-packages\tallpress\vendor\laravel\framework\src\Illuminate\Auth\Middleware\Authenticate.php(83): Illuminate\Auth\AuthManager->guard('sanctum')
#2 C:\xampp\htdocs\laravel-packages\tallpress\vendor\laravel\framework\src\Illuminate\Auth\Middleware\Authenticate.php(62): Illuminate\Auth\Middleware\Authenticate->authenticate(Object(Illuminate\Http\Request), Array)
#3 C:\xampp\htdocs\laravel-packages\tallpress\vendor\laravel\framework\src\Illuminate\Pipeline\Pipeline.php(209): Illuminate\Auth\Middleware\Authenticate->handle(Object(Illuminate\Http\Request), Object(Closure), 'sanctum')
#4 C:\xampp\htdocs\laravel-packages\tallpress\vendor\laravel\framework\src\Illuminate\Pipeline\Pipeline.php(127): Illuminate\Pipeline\Pipeline->Illuminate\Pipeline\{closure}(Object(Illuminate\Http\Request))
#5 C:\xampp\htdocs\laravel-packages\tallpress\vendor\laravel\framework\src\Illuminate\Routing\Router.php(807): Illuminate\Pipeline\Pipeline->then(Object(Closure))
#6 C:\xampp\htdocs\laravel-packages\tallpress\vendor\laravel\framework\src\Illuminate\Routing\Router.php(786): Illuminate\Routing\Router->runRouteWithinStack(Object(Illuminate\Routing\Route), Object(Illuminate\Http\Request))
#7 C:\xampp\htdocs\laravel-packages\tallpress\vendor\laravel\framework\src\Illuminate\Routing\Router.php(750): Illuminate\Routing\Router->runRoute(Object(Illuminate\Http\Request), Object(Illuminate\Routing\Route))
#8 C:\xampp\htdocs\laravel-packages\tallpress\vendor\laravel\framework\src\Illuminate\Routing\Router.php(739): Illuminate\Routing\Router->dispatchToRoute(Object(Illuminate\Http\Request))
#9 C:\xampp\htdocs\laravel-packages\tallpress\vendor\laravel\framework\src\Illuminate\Foundation\Http\Kernel.php(201): Illuminate\Routing\Router->dispatch(Object(Illuminate\Http\Request))
#10 C:\xampp\htdocs\laravel-packages\tallpress\vendor\laravel\framework\src\Illuminate\Pipeline\Pipeline.php(170): Illuminate\Foundation\Http\Kernel->Illuminate\Foundation\Http\{closure}(Object(Illuminate\Http\Request))
#11 C:\xampp\htdocs\laravel-packages\tallpress\vendor\livewire\livewire\src\Features\SupportDisablingBackButtonCache\DisableBackButtonCacheMiddleware.php(19): Illuminate\Pipeline\Pipeline->Illuminate\Pipeline\{closure}(Object(Illuminate\Http\Request))
#12 C:\xampp\htdocs\laravel-packages\tallpress\vendor\laravel\framework\src\Illuminate\Pipeline\Pipeline.php(209): Livewire\Features\SupportDisablingBackButtonCache\DisableBackButtonCacheMiddleware->handle(Object(Illuminate\Http\Request), Object(Closure))
#13 C:\xampp\htdocs\laravel-packages\tallpress\vendor\laravel\framework\src\Illuminate\Foundation\Http\Middleware\TransformsRequest.php(21): Illuminate\Pipeline\Pipeline->Illuminate\Pipeline\{closure}(Object(Illuminate\Http\Request))
#14 C:\xampp\htdocs\laravel-packages\tallpress\vendor\laravel\framework\src\Illuminate\Foundation\Http\Middleware\ConvertEmptyStringsToNull.php(31): Illuminate\Foundation\Http\Middleware\TransformsRequest->handle(Object(Illuminate\Http\Request), Object(Closure))
#15 C:\xampp\htdocs\laravel-packages\tallpress\vendor\laravel\framework\src\Illuminate\Pipeline\Pipeline.php(209): Illuminate\Foundation\Http\Middleware\ConvertEmptyStringsToNull->handle(Object(Illuminate\Http\Request), Object(Closure))
#16 C:\xampp\htdocs\laravel-packages\tallpress\vendor\laravel\framework\src\Illuminate\Foundation\Http\Middleware\TransformsRequest.php(21): Illuminate\Pipeline\Pipeline->Illuminate\Pipeline\{closure}(Object(Illuminate\Http\Request))
#17 C:\xampp\htdocs\laravel-packages\tallpress\vendor\laravel\framework\src\Illuminate\Foundation\Http\Middleware\TrimStrings.php(51): Illuminate\Foundation\Http\Middleware\TransformsRequest->handle(Object(Illuminate\Http\Request), Object(Closure))
#18 C:\xampp\htdocs\laravel-packages\tallpress\vendor\laravel\framework\src\Illuminate\Pipeline\Pipeline.php(209): Illuminate\Foundation\Http\Middleware\TrimStrings->handle(Object(Illuminate\Http\Request), Object(Closure))
#19 C:\xampp\htdocs\laravel-packages\tallpress\vendor\laravel\framework\src\Illuminate\Http\Middleware\ValidatePostSize.php(27): Illuminate\Pipeline\Pipeline->Illuminate\Pipeline\{closure}(Object(Illuminate\Http\Request))
#20 C:\xampp\htdocs\laravel-packages\tallpress\vendor\laravel\framework\src\Illuminate\Pipeline\Pipeline.php(209): Illuminate\Http\Middleware\ValidatePostSize->handle(Object(Illuminate\Http\Request), Object(Closure))
#21 C:\xampp\htdocs\laravel-packages\tallpress\vendor\laravel\framework\src\Illuminate\Foundation\Http\Middleware\PreventRequestsDuringMaintenance.php(110): Illuminate\Pipeline\Pipeline->Illuminate\Pipeline\{closure}(Object(Illuminate\Http\Request))
#22 C:\xampp\htdocs\laravel-packages\tallpress\vendor\laravel\framework\src\Illuminate\Pipeline\Pipeline.php(209): Illuminate\Foundation\Http\Middleware\PreventRequestsDuringMaintenance->handle(Object(Illuminate\Http\Request), Object(Closure))
#23 C:\xampp\htdocs\laravel-packages\tallpress\vendor\laravel\framework\src\Illuminate\Http\Middleware\HandleCors.php(62): Illuminate\Pipeline\Pipeline->Illuminate\Pipeline\{closure}(Object(Illuminate\Http\Request))
#24 C:\xampp\htdocs\laravel-packages\tallpress\vendor\laravel\framework\src\Illuminate\Pipeline\Pipeline.php(209): Illuminate\Http\Middleware\HandleCors->handle(Object(Illuminate\Http\Request), Object(Closure))
#25 C:\xampp\htdocs\laravel-packages\tallpress\vendor\laravel\framework\src\Illuminate\Http\Middleware\TrustProxies.php(58): Illuminate\Pipeline\Pipeline->Illuminate\Pipeline\{closure}(Object(Illuminate\Http\Request))
#26 C:\xampp\htdocs\laravel-packages\tallpress\vendor\laravel\framework\src\Illuminate\Pipeline\Pipeline.php(209): Illuminate\Http\Middleware\TrustProxies->handle(Object(Illuminate\Http\Request), Object(Closure))
#27 C:\xampp\htdocs\laravel-packages\tallpress\vendor\laravel\framework\src\Illuminate\Foundation\Http\Middleware\InvokeDeferredCallbacks.php(22): Illuminate\Pipeline\Pipeline->Illuminate\Pipeline\{closure}(Object(Illuminate\Http\Request))
#28 C:\xampp\htdocs\laravel-packages\tallpress\vendor\laravel\framework\src\Illuminate\Pipeline\Pipeline.php(209): Illuminate\Foundation\Http\Middleware\InvokeDeferredCallbacks->handle(Object(Illuminate\Http\Request), Object(Closure))
#29 C:\xampp\htdocs\laravel-packages\tallpress\vendor\laravel\framework\src\Illuminate\Pipeline\Pipeline.php(127): Illuminate\Pipeline\Pipeline->Illuminate\Pipeline\{closure}(Object(Illuminate\Http\Request))
#30 C:\xampp\htdocs\laravel-packages\tallpress\vendor\laravel\framework\src\Illuminate\Foundation\Http\Kernel.php(176): Illuminate\Pipeline\Pipeline->then(Object(Closure))
#31 C:\xampp\htdocs\laravel-packages\tallpress\vendor\laravel\framework\src\Illuminate\Foundation\Http\Kernel.php(145): Illuminate\Foundation\Http\Kernel->sendRequestThroughRouter(Object(Illuminate\Http\Request))
#32 C:\xampp\htdocs\laravel-packages\tallpress\vendor\laravel\framework\src\Illuminate\Foundation\Testing\Concerns\MakesHttpRequests.php(607): Illuminate\Foundation\Http\Kernel->handle(Object(Illuminate\Http\Request))
#33 C:\xampp\htdocs\laravel-packages\tallpress\vendor\laravel\framework\src\Illuminate\Foundation\Testing\Concerns\MakesHttpRequests.php(573): Orchestra\Testbench\TestCase->call('DELETE', 'http://localhos...', Array, Array, Array, Array, '[]')
#34 C:\xampp\htdocs\laravel-packages\tallpress\vendor\laravel\framework\src\Illuminate\Foundation\Testing\Concerns\MakesHttpRequests.php(501): Orchestra\Testbench\TestCase->json('DELETE', 'http://localhos...', Array, Array, 0)
#35 C:\xampp\htdocs\laravel-packages\tallpress\tests\Feature\ApiRoutesTest.php(106): Orchestra\Testbench\TestCase->deleteJson('http://localhos...')
#36 C:\xampp\htdocs\laravel-packages\tallpress\vendor\pestphp\pest\src\Factories\TestCaseMethodFactory.php(110): P\Tests\Feature\ApiRoutesTest->{closure}()
#37 [internal function]: P\Tests\Feature\ApiRoutesTest->Pest\Factories\{closure}()
#38 C:\xampp\htdocs\laravel-packages\tallpress\vendor\pestphp\pest\src\Concerns\Testable.php(339): call_user_func_array(Object(Closure), Array)
#39 C:\xampp\htdocs\laravel-packages\tallpress\vendor\pestphp\pest\src\Support\ExceptionTrace.php(26): P\Tests\Feature\ApiRoutesTest->Pest\Concerns\{closure}()
#40 C:\xampp\htdocs\laravel-packages\tallpress\vendor\pestphp\pest\src\Concerns\Testable.php(339): Pest\Support\ExceptionTrace::ensure(Object(Closure))
#41 C:\xampp\htdocs\laravel-packages\tallpress\vendor\pestphp\pest\src\Concerns\Testable.php(256): P\Tests\Feature\ApiRoutesTest->__callClosure(Object(Closure), Array)
#42 C:\xampp\htdocs\laravel-packages\tallpress\vendor\pestphp\pest\src\Factories\TestCaseFactory.php(197) : eval()'d code(101): P\Tests\Feature\ApiRoutesTest->__runTest(Object(Closure))
#43 C:\xampp\htdocs\laravel-packages\tallpress\vendor\phpunit\phpunit\src\Framework\TestCase.php(1188): P\Tests\Feature\ApiRoutesTest->__pest_evaluable_it_deletes_post_via_api_when_authenticated()
#44 C:\xampp\htdocs\laravel-packages\tallpress\vendor\phpunit\phpunit\src\Framework\TestCase.php(687): PHPUnit\Framework\TestCase->runTest()
#45 C:\xampp\htdocs\laravel-packages\tallpress\vendor\phpunit\phpunit\src\Framework\TestRunner.php(106): PHPUnit\Framework\TestCase->runBare()
#46 C:\xampp\htdocs\laravel-packages\tallpress\vendor\phpunit\phpunit\src\Framework\TestCase.php(517): PHPUnit\Framework\TestRunner->run(Object(P\Tests\Feature\ApiRoutesTest))
#47 C:\xampp\htdocs\laravel-packages\tallpress\vendor\phpunit\phpunit\src\Framework\TestSuite.php(380): PHPUnit\Framework\TestCase->run()
#48 C:\xampp\htdocs\laravel-packages\tallpress\vendor\phpunit\phpunit\src\Framework\TestSuite.php(380): PHPUnit\Framework\TestSuite->run()
#49 C:\xampp\htdocs\laravel-packages\tallpress\vendor\phpunit\phpunit\src\Framework\TestSuite.php(380): PHPUnit\Framework\TestSuite->run()
#50 C:\xampp\htdocs\laravel-packages\tallpress\vendor\phpunit\phpunit\src\TextUI\TestRunner.php(64): PHPUnit\Framework\TestSuite->run()
#51 C:\xampp\htdocs\laravel-packages\tallpress\vendor\phpunit\phpunit\src\TextUI\Application.php(202): PHPUnit\TextUI\TestRunner->run(Object(PHPUnit\TextUI\Configuration\Configuration), Object(PHPUnit\Runner\ResultCache\DefaultResultCache), Object(PHPUnit\Framework\TestSuite))
#52 C:\xampp\htdocs\laravel-packages\tallpress\vendor\pestphp\pest\src\Kernel.php(103): PHPUnit\TextUI\Application->run(Array)
#53 C:\xampp\htdocs\laravel-packages\tallpress\vendor\pestphp\pest\bin\pest(91): Pest\Kernel->handle(Array, Array)
#54 C:\xampp\htdocs\laravel-packages\tallpress\vendor\pestphp\pest\bin\pest(99): {closure}()
#55 C:\xampp\htdocs\laravel-packages\tallpress\vendor\bin\pest(119): include('C:\\xampp\\htdocs...')
#56 {main}

----------------------------------------------------------------------------------

Auth guard [sanctum] is not defined.

  at tests\Feature\ApiRoutesTest.php:108
    104Γûò     $post = Post::factory()->create(['author_id' => $this->user->id]);
    105Γûò 
    106Γûò     $response = $this->deleteJson(route('api.tallpress.posts.destroy', $post->id));
    107Γûò 
  Γ₧£ 108Γûò     $response->assertStatus(204);
    109Γûò     $this->assertSoftDeleted('tallpress_posts', ['id' => $post->id]);
    110Γûò });
    111Γûò 
    112Γûò it('validates post data on create', function () {

  ΓöÇΓöÇΓöÇΓöÇΓöÇΓöÇΓöÇΓöÇΓöÇΓöÇΓöÇΓöÇΓöÇΓöÇΓöÇΓöÇΓöÇΓöÇΓöÇΓöÇΓöÇΓöÇΓöÇΓöÇΓöÇΓöÇΓöÇΓöÇΓöÇΓöÇΓöÇΓöÇΓöÇΓöÇΓöÇΓöÇΓöÇΓöÇΓöÇΓöÇΓöÇΓöÇΓöÇΓöÇΓöÇΓöÇΓöÇΓöÇΓöÇΓöÇΓöÇΓöÇΓöÇΓöÇΓöÇΓöÇΓöÇΓöÇΓöÇΓöÇΓöÇΓöÇΓöÇΓöÇΓöÇΓöÇΓöÇΓöÇΓöÇΓöÇΓöÇΓöÇΓöÇΓöÇΓöÇΓöÇΓöÇΓöÇΓöÇΓöÇΓöÇΓöÇΓöÇΓöÇΓöÇΓöÇΓöÇΓöÇΓöÇΓöÇΓöÇΓöÇΓöÇΓöÇΓöÇΓöÇΓöÇΓöÇΓöÇΓöÇΓöÇΓöÇΓöÇΓöÇΓöÇΓöÇΓöÇΓöÇΓöÇ  
   FAILED  Tests\Feature\ExternalImageTest > it rejects external URL without image extensΓÇª  ArgumentCountError   
  Too few arguments to function Livewire\Features\SupportFormObjects\Form::__construct(), 0 passed in C:\xampp\htdocs\laravel-packages\tallpress\tests\Feature\ExternalImageTest.php on line 104 and exactly 2 expected

  at vendor\livewire\livewire\src\Features\SupportFormObjects\Form.php:22
     18Γûò         validate as parentValidate;
     19Γûò         validateOnly as parentValidateOnly;
     20Γûò     }
     21Γûò 
  Γ₧£  22Γûò     function __construct(
     23Γûò         protected Component $component,
     24Γûò         protected $propertyName
     25Γûò     ) {}
     26Γûò

  1   vendor\livewire\livewire\src\Features\SupportFormObjects\Form.php:22
  2   tests\Feature\ExternalImageTest.php:104

  ΓöÇΓöÇΓöÇΓöÇΓöÇΓöÇΓöÇΓöÇΓöÇΓöÇΓöÇΓöÇΓöÇΓöÇΓöÇΓöÇΓöÇΓöÇΓöÇΓöÇΓöÇΓöÇΓöÇΓöÇΓöÇΓöÇΓöÇΓöÇΓöÇΓöÇΓöÇΓöÇΓöÇΓöÇΓöÇΓöÇΓöÇΓöÇΓöÇΓöÇΓöÇΓöÇΓöÇΓöÇΓöÇΓöÇΓöÇΓöÇΓöÇΓöÇΓöÇΓöÇΓöÇΓöÇΓöÇΓöÇΓöÇΓöÇΓöÇΓöÇΓöÇΓöÇΓöÇΓöÇΓöÇΓöÇΓöÇΓöÇΓöÇΓöÇΓöÇΓöÇΓöÇΓöÇΓöÇΓöÇΓöÇΓöÇΓöÇΓöÇΓöÇΓöÇΓöÇΓöÇΓöÇΓöÇΓöÇΓöÇΓöÇΓöÇΓöÇΓöÇΓöÇΓöÇΓöÇΓöÇΓöÇΓöÇΓöÇΓöÇΓöÇΓöÇΓöÇΓöÇΓöÇΓöÇΓöÇΓöÇΓöÇ  
   FAILED  Tests\Feature\ExternalImageTest > it validates external URL format in PostForm   ArgumentCountError   
  Too few arguments to function Livewire\Features\SupportFormObjects\Form::__construct(), 0 passed in C:\xampp\htdocs\laravel-packages\tallpress\tests\Feature\ExternalImageTest.php on line 80 and exactly 2 expected

  at vendor\livewire\livewire\src\Features\SupportFormObjects\Form.php:22
     18Γûò         validate as parentValidate;
     19Γûò         validateOnly as parentValidateOnly;
     20Γûò     }
     21Γûò 
  Γ₧£  22Γûò     function __construct(
     23Γûò         protected Component $component,
     24Γûò         protected $propertyName
     25Γûò     ) {}
     26Γûò

  1   vendor\livewire\livewire\src\Features\SupportFormObjects\Form.php:22
  2   tests\Feature\ExternalImageTest.php:80

  ΓöÇΓöÇΓöÇΓöÇΓöÇΓöÇΓöÇΓöÇΓöÇΓöÇΓöÇΓöÇΓöÇΓöÇΓöÇΓöÇΓöÇΓöÇΓöÇΓöÇΓöÇΓöÇΓöÇΓöÇΓöÇΓöÇΓöÇΓöÇΓöÇΓöÇΓöÇΓöÇΓöÇΓöÇΓöÇΓöÇΓöÇΓöÇΓöÇΓöÇΓöÇΓöÇΓöÇΓöÇΓöÇΓöÇΓöÇΓöÇΓöÇΓöÇΓöÇΓöÇΓöÇΓöÇΓöÇΓöÇΓöÇΓöÇΓöÇΓöÇΓöÇΓöÇΓöÇΓöÇΓöÇΓöÇΓöÇΓöÇΓöÇΓöÇΓöÇΓöÇΓöÇΓöÇΓöÇΓöÇΓöÇΓöÇΓöÇΓöÇΓöÇΓöÇΓöÇΓöÇΓöÇΓöÇΓöÇΓöÇΓöÇΓöÇΓöÇΓöÇΓöÇΓöÇΓöÇΓöÇΓöÇΓöÇΓöÇΓöÇΓöÇΓöÇΓöÇΓöÇΓöÇΓöÇΓöÇΓöÇΓöÇ  
   FAILED  Tests\Feature\ExternalImageTest > it rejects invalid external URL format in PoΓÇª  ArgumentCountError   
  Too few arguments to function Livewire\Features\SupportFormObjects\Form::__construct(), 0 passed in C:\xampp\htdocs\laravel-packages\tallpress\tests\Feature\ExternalImageTest.php on line 93 and exactly 2 expected

  at vendor\livewire\livewire\src\Features\SupportFormObjects\Form.php:22
     18Γûò         validate as parentValidate;
     19Γûò         validateOnly as parentValidateOnly;
     20Γûò     }
     21Γûò 
  Γ₧£  22Γûò     function __construct(
     23Γûò         protected Component $component,
     24Γûò         protected $propertyName
     25Γûò     ) {}
     26Γûò

  1   vendor\livewire\livewire\src\Features\SupportFormObjects\Form.php:22
  2   tests\Feature\ExternalImageTest.php:93

  ΓöÇΓöÇΓöÇΓöÇΓöÇΓöÇΓöÇΓöÇΓöÇΓöÇΓöÇΓöÇΓöÇΓöÇΓöÇΓöÇΓöÇΓöÇΓöÇΓöÇΓöÇΓöÇΓöÇΓöÇΓöÇΓöÇΓöÇΓöÇΓöÇΓöÇΓöÇΓöÇΓöÇΓöÇΓöÇΓöÇΓöÇΓöÇΓöÇΓöÇΓöÇΓöÇΓöÇΓöÇΓöÇΓöÇΓöÇΓöÇΓöÇΓöÇΓöÇΓöÇΓöÇΓöÇΓöÇΓöÇΓöÇΓöÇΓöÇΓöÇΓöÇΓöÇΓöÇΓöÇΓöÇΓöÇΓöÇΓöÇΓöÇΓöÇΓöÇΓöÇΓöÇΓöÇΓöÇΓöÇΓöÇΓöÇΓöÇΓöÇΓöÇΓöÇΓöÇΓöÇΓöÇΓöÇΓöÇΓöÇΓöÇΓöÇΓöÇΓöÇΓöÇΓöÇΓöÇΓöÇΓöÇΓöÇΓöÇΓöÇΓöÇΓöÇΓöÇΓöÇΓöÇΓöÇΓöÇΓöÇΓöÇ  
   FAILED  Tests\Feature\AdminTest > it admin can view all posts in admin                 AssertionFailedError   
  The response is not a view.

  at tests\Feature\AdminTest.php:74
     70Γûò 
     71Γûò     $response = $this->get(route('tallpress.admin.posts.index'));
     72Γûò 
     73Γûò     $response->assertStatus(200);
  Γ₧£  74Γûò     $response->assertViewIs('tallpress::admin.posts.index');
     75Γûò });
     76Γûò 
     77Γûò it('author cannot publish posts directly', function () {
     78Γûò     $this->actingAs($this->author);

  ΓöÇΓöÇΓöÇΓöÇΓöÇΓöÇΓöÇΓöÇΓöÇΓöÇΓöÇΓöÇΓöÇΓöÇΓöÇΓöÇΓöÇΓöÇΓöÇΓöÇΓöÇΓöÇΓöÇΓöÇΓöÇΓöÇΓöÇΓöÇΓöÇΓöÇΓöÇΓöÇΓöÇΓöÇΓöÇΓöÇΓöÇΓöÇΓöÇΓöÇΓöÇΓöÇΓöÇΓöÇΓöÇΓöÇΓöÇΓöÇΓöÇΓöÇΓöÇΓöÇΓöÇΓöÇΓöÇΓöÇΓöÇΓöÇΓöÇΓöÇΓöÇΓöÇΓöÇΓöÇΓöÇΓöÇΓöÇΓöÇΓöÇΓöÇΓöÇΓöÇΓöÇΓöÇΓöÇΓöÇΓöÇΓöÇΓöÇΓöÇΓöÇΓöÇΓöÇΓöÇΓöÇΓöÇΓöÇΓöÇΓöÇΓöÇΓöÇΓöÇΓöÇΓöÇΓöÇΓöÇΓöÇΓöÇΓöÇΓöÇΓöÇΓöÇΓöÇΓöÇΓöÇΓöÇΓöÇΓöÇΓöÇ  
   FAILED  Tests\Feature\AdminTest > it logs activity when post is created                                       
  Failed asserting that a row in the table [tallpress_activity_logs] matches the attributes {
    "description": "created post",
    "subject_type": "Sajdoko\\TallPress\\Models\\Post",
    "subject_id": 1
}.

The table is empty.

  at tests\Feature\AdminTest.php:265
    261Γûò     $this->actingAs($this->admin);
    262Γûò 
    263Γûò     $post = Post::factory()->create(['author_id' => $this->admin->id]);
    264Γûò 
  Γ₧£ 265Γûò     $this->assertDatabaseHas('tallpress_activity_logs', [
    266Γûò         'description' => 'created post',
    267Γûò         'subject_type' => get_class($post),
    268Γûò         'subject_id' => $post->id,
    269Γûò     ]);

  ΓöÇΓöÇΓöÇΓöÇΓöÇΓöÇΓöÇΓöÇΓöÇΓöÇΓöÇΓöÇΓöÇΓöÇΓöÇΓöÇΓöÇΓöÇΓöÇΓöÇΓöÇΓöÇΓöÇΓöÇΓöÇΓöÇΓöÇΓöÇΓöÇΓöÇΓöÇΓöÇΓöÇΓöÇΓöÇΓöÇΓöÇΓöÇΓöÇΓöÇΓöÇΓöÇΓöÇΓöÇΓöÇΓöÇΓöÇΓöÇΓöÇΓöÇΓöÇΓöÇΓöÇΓöÇΓöÇΓöÇΓöÇΓöÇΓöÇΓöÇΓöÇΓöÇΓöÇΓöÇΓöÇΓöÇΓöÇΓöÇΓöÇΓöÇΓöÇΓöÇΓöÇΓöÇΓöÇΓöÇΓöÇΓöÇΓöÇΓöÇΓöÇΓöÇΓöÇΓöÇΓöÇΓöÇΓöÇΓöÇΓöÇΓöÇΓöÇΓöÇΓöÇΓöÇΓöÇΓöÇΓöÇΓöÇΓöÇΓöÇΓöÇΓöÇΓöÇΓöÇΓöÇΓöÇΓöÇΓöÇΓöÇ  
   FAILED  Tests\Feature\AdminTest > it bulk delete action works for admin              RouteNotFoundException   
  Route [tallpress.admin.posts.bulk-delete] not defined.

  at vendor\laravel\framework\src\Illuminate\Routing\UrlGenerator.php:517
    513Γûò             ! is_null($url = call_user_func($this->missingNamedRouteResolver, $name, $parameters, $absolute))) {
    514Γûò             return $url;
    515Γûò         }
    516Γûò 
  Γ₧£ 517Γûò         throw new RouteNotFoundException("Route [{$name}] not defined.");
    518Γûò     }
    519Γûò 
    520Γûò     /**
    521Γûò      * Get the URL for a given route instance.

  1   vendor\laravel\framework\src\Illuminate\Routing\UrlGenerator.php:517
  2   vendor\laravel\framework\src\Illuminate\Foundation\helpers.php:853

  ΓöÇΓöÇΓöÇΓöÇΓöÇΓöÇΓöÇΓöÇΓöÇΓöÇΓöÇΓöÇΓöÇΓöÇΓöÇΓöÇΓöÇΓöÇΓöÇΓöÇΓöÇΓöÇΓöÇΓöÇΓöÇΓöÇΓöÇΓöÇΓöÇΓöÇΓöÇΓöÇΓöÇΓöÇΓöÇΓöÇΓöÇΓöÇΓöÇΓöÇΓöÇΓöÇΓöÇΓöÇΓöÇΓöÇΓöÇΓöÇΓöÇΓöÇΓöÇΓöÇΓöÇΓöÇΓöÇΓöÇΓöÇΓöÇΓöÇΓöÇΓöÇΓöÇΓöÇΓöÇΓöÇΓöÇΓöÇΓöÇΓöÇΓöÇΓöÇΓöÇΓöÇΓöÇΓöÇΓöÇΓöÇΓöÇΓöÇΓöÇΓöÇΓöÇΓöÇΓöÇΓöÇΓöÇΓöÇΓöÇΓöÇΓöÇΓöÇΓöÇΓöÇΓöÇΓöÇΓöÇΓöÇΓöÇΓöÇΓöÇΓöÇΓöÇΓöÇΓöÇΓöÇΓöÇΓöÇΓöÇΓöÇ  
   FAILED  Tests\Feature\AdminTest > it can export posts to CSV                         RouteNotFoundException   
  Route [tallpress.admin.posts.export] not defined.

  at vendor\laravel\framework\src\Illuminate\Routing\UrlGenerator.php:517
    513Γûò             ! is_null($url = call_user_func($this->missingNamedRouteResolver, $name, $parameters, $absolute))) {
    514Γûò             return $url;
    515Γûò         }
    516Γûò 
  Γ₧£ 517Γûò         throw new RouteNotFoundException("Route [{$name}] not defined.");
    518Γûò     }
    519Γûò 
    520Γûò     /**
    521Γûò      * Get the URL for a given route instance.

  1   vendor\laravel\framework\src\Illuminate\Routing\UrlGenerator.php:517
  2   vendor\laravel\framework\src\Illuminate\Foundation\helpers.php:853

  ΓöÇΓöÇΓöÇΓöÇΓöÇΓöÇΓöÇΓöÇΓöÇΓöÇΓöÇΓöÇΓöÇΓöÇΓöÇΓöÇΓöÇΓöÇΓöÇΓöÇΓöÇΓöÇΓöÇΓöÇΓöÇΓöÇΓöÇΓöÇΓöÇΓöÇΓöÇΓöÇΓöÇΓöÇΓöÇΓöÇΓöÇΓöÇΓöÇΓöÇΓöÇΓöÇΓöÇΓöÇΓöÇΓöÇΓöÇΓöÇΓöÇΓöÇΓöÇΓöÇΓöÇΓöÇΓöÇΓöÇΓöÇΓöÇΓöÇΓöÇΓöÇΓöÇΓöÇΓöÇΓöÇΓöÇΓöÇΓöÇΓöÇΓöÇΓöÇΓöÇΓöÇΓöÇΓöÇΓöÇΓöÇΓöÇΓöÇΓöÇΓöÇΓöÇΓöÇΓöÇΓöÇΓöÇΓöÇΓöÇΓöÇΓöÇΓöÇΓöÇΓöÇΓöÇΓöÇΓöÇΓöÇΓöÇΓöÇΓöÇΓöÇΓöÇΓöÇΓöÇΓöÇΓöÇΓöÇΓöÇΓöÇ  
   FAILED  Tests\Feature\AdminTest > it can restore post revision                       RouteNotFoundException   
  Route [tallpress.admin.posts.revisions.restore] not defined.

  at vendor\laravel\framework\src\Illuminate\Routing\UrlGenerator.php:517
    513Γûò             ! is_null($url = call_user_func($this->missingNamedRouteResolver, $name, $parameters, $absolute))) {
    514Γûò             return $url;
    515Γûò         }
    516Γûò 
  Γ₧£ 517Γûò         throw new RouteNotFoundException("Route [{$name}] not defined.");
    518Γûò     }
    519Γûò 
    520Γûò     /**
    521Γûò      * Get the URL for a given route instance.

  1   vendor\laravel\framework\src\Illuminate\Routing\UrlGenerator.php:517
  2   vendor\laravel\framework\src\Illuminate\Foundation\helpers.php:853

  ΓöÇΓöÇΓöÇΓöÇΓöÇΓöÇΓöÇΓöÇΓöÇΓöÇΓöÇΓöÇΓöÇΓöÇΓöÇΓöÇΓöÇΓöÇΓöÇΓöÇΓöÇΓöÇΓöÇΓöÇΓöÇΓöÇΓöÇΓöÇΓöÇΓöÇΓöÇΓöÇΓöÇΓöÇΓöÇΓöÇΓöÇΓöÇΓöÇΓöÇΓöÇΓöÇΓöÇΓöÇΓöÇΓöÇΓöÇΓöÇΓöÇΓöÇΓöÇΓöÇΓöÇΓöÇΓöÇΓöÇΓöÇΓöÇΓöÇΓöÇΓöÇΓöÇΓöÇΓöÇΓöÇΓöÇΓöÇΓöÇΓöÇΓöÇΓöÇΓöÇΓöÇΓöÇΓöÇΓöÇΓöÇΓöÇΓöÇΓöÇΓöÇΓöÇΓöÇΓöÇΓöÇΓöÇΓöÇΓöÇΓöÇΓöÇΓöÇΓöÇΓöÇΓöÇΓöÇΓöÇΓöÇΓöÇΓöÇΓöÇΓöÇΓöÇΓöÇΓöÇΓöÇΓöÇΓöÇΓöÇΓöÇ  
   FAILED  Tests\Feature\AdminTest > it admin can publish any post                      RouteNotFoundException   
  Route [tallpress.admin.posts.update-status] not defined.

  at vendor\laravel\framework\src\Illuminate\Routing\UrlGenerator.php:517
    513Γûò             ! is_null($url = call_user_func($this->missingNamedRouteResolver, $name, $parameters, $absolute))) {
    514Γûò             return $url;
    515Γûò         }
    516Γûò 
  Γ₧£ 517Γûò         throw new RouteNotFoundException("Route [{$name}] not defined.");
    518Γûò     }
    519Γûò 
    520Γûò     /**
    521Γûò      * Get the URL for a given route instance.

  1   vendor\laravel\framework\src\Illuminate\Routing\UrlGenerator.php:517
  2   vendor\laravel\framework\src\Illuminate\Foundation\helpers.php:853

  ΓöÇΓöÇΓöÇΓöÇΓöÇΓöÇΓöÇΓöÇΓöÇΓöÇΓöÇΓöÇΓöÇΓöÇΓöÇΓöÇΓöÇΓöÇΓöÇΓöÇΓöÇΓöÇΓöÇΓöÇΓöÇΓöÇΓöÇΓöÇΓöÇΓöÇΓöÇΓöÇΓöÇΓöÇΓöÇΓöÇΓöÇΓöÇΓöÇΓöÇΓöÇΓöÇΓöÇΓöÇΓöÇΓöÇΓöÇΓöÇΓöÇΓöÇΓöÇΓöÇΓöÇΓöÇΓöÇΓöÇΓöÇΓöÇΓöÇΓöÇΓöÇΓöÇΓöÇΓöÇΓöÇΓöÇΓöÇΓöÇΓöÇΓöÇΓöÇΓöÇΓöÇΓöÇΓöÇΓöÇΓöÇΓöÇΓöÇΓöÇΓöÇΓöÇΓöÇΓöÇΓöÇΓöÇΓöÇΓöÇΓöÇΓöÇΓöÇΓöÇΓöÇΓöÇΓöÇΓöÇΓöÇΓöÇΓöÇΓöÇΓöÇΓöÇΓöÇΓöÇΓöÇΓöÇΓöÇΓöÇΓöÇ  
   FAILED  Tests\Feature\AdminTest > it admin can access admin dashboard                  AssertionFailedError   
  The response is not a view.

  at tests\Feature\AdminTest.php:41
     37Γûò 
     38Γûò     $response = $this->get(route('tallpress.admin.dashboard'));
     39Γûò 
     40Γûò     $response->assertStatus(200);
  Γ₧£  41Γûò     $response->assertViewIs('tallpress::admin.dashboard');
     42Γûò });
     43Γûò 
     44Γûò it('editor can access admin dashboard', function () {
     45Γûò     $this->actingAs($this->editor);

  ΓöÇΓöÇΓöÇΓöÇΓöÇΓöÇΓöÇΓöÇΓöÇΓöÇΓöÇΓöÇΓöÇΓöÇΓöÇΓöÇΓöÇΓöÇΓöÇΓöÇΓöÇΓöÇΓöÇΓöÇΓöÇΓöÇΓöÇΓöÇΓöÇΓöÇΓöÇΓöÇΓöÇΓöÇΓöÇΓöÇΓöÇΓöÇΓöÇΓöÇΓöÇΓöÇΓöÇΓöÇΓöÇΓöÇΓöÇΓöÇΓöÇΓöÇΓöÇΓöÇΓöÇΓöÇΓöÇΓöÇΓöÇΓöÇΓöÇΓöÇΓöÇΓöÇΓöÇΓöÇΓöÇΓöÇΓöÇΓöÇΓöÇΓöÇΓöÇΓöÇΓöÇΓöÇΓöÇΓöÇΓöÇΓöÇΓöÇΓöÇΓöÇΓöÇΓöÇΓöÇΓöÇΓöÇΓöÇΓöÇΓöÇΓöÇΓöÇΓöÇΓöÇΓöÇΓöÇΓöÇΓöÇΓöÇΓöÇΓöÇΓöÇΓöÇΓöÇΓöÇΓöÇΓöÇΓöÇΓöÇΓöÇ  
   FAILED  Tests\Feature\AdminTest > it bulk publish action works for admin             RouteNotFoundException   
  Route [tallpress.admin.posts.bulk-publish] not defined.

  at vendor\laravel\framework\src\Illuminate\Routing\UrlGenerator.php:517
    513Γûò             ! is_null($url = call_user_func($this->missingNamedRouteResolver, $name, $parameters, $absolute))) {
    514Γûò             return $url;
    515Γûò         }
    516Γûò 
  Γ₧£ 517Γûò         throw new RouteNotFoundException("Route [{$name}] not defined.");
    518Γûò     }
    519Γûò 
    520Γûò     /**
    521Γûò      * Get the URL for a given route instance.

  1   vendor\laravel\framework\src\Illuminate\Routing\UrlGenerator.php:517
  2   vendor\laravel\framework\src\Illuminate\Foundation\helpers.php:853

  ΓöÇΓöÇΓöÇΓöÇΓöÇΓöÇΓöÇΓöÇΓöÇΓöÇΓöÇΓöÇΓöÇΓöÇΓöÇΓöÇΓöÇΓöÇΓöÇΓöÇΓöÇΓöÇΓöÇΓöÇΓöÇΓöÇΓöÇΓöÇΓöÇΓöÇΓöÇΓöÇΓöÇΓöÇΓöÇΓöÇΓöÇΓöÇΓöÇΓöÇΓöÇΓöÇΓöÇΓöÇΓöÇΓöÇΓöÇΓöÇΓöÇΓöÇΓöÇΓöÇΓöÇΓöÇΓöÇΓöÇΓöÇΓöÇΓöÇΓöÇΓöÇΓöÇΓöÇΓöÇΓöÇΓöÇΓöÇΓöÇΓöÇΓöÇΓöÇΓöÇΓöÇΓöÇΓöÇΓöÇΓöÇΓöÇΓöÇΓöÇΓöÇΓöÇΓöÇΓöÇΓöÇΓöÇΓöÇΓöÇΓöÇΓöÇΓöÇΓöÇΓöÇΓöÇΓöÇΓöÇΓöÇΓöÇΓöÇΓöÇΓöÇΓöÇΓöÇΓöÇΓöÇΓöÇΓöÇΓöÇΓöÇ  
   FAILED  Tests\Feature\AdminTest > it admin can manage categories                     RouteNotFoundException   
  Route [tallpress.admin.categories.store] not defined.

  at vendor\laravel\framework\src\Illuminate\Routing\UrlGenerator.php:517
    513Γûò             ! is_null($url = call_user_func($this->missingNamedRouteResolver, $name, $parameters, $absolute))) {
    514Γûò             return $url;
    515Γûò         }
    516Γûò 
  Γ₧£ 517Γûò         throw new RouteNotFoundException("Route [{$name}] not defined.");
    518Γûò     }
    519Γûò 
    520Γûò     /**
    521Γûò      * Get the URL for a given route instance.

  1   vendor\laravel\framework\src\Illuminate\Routing\UrlGenerator.php:517
  2   vendor\laravel\framework\src\Illuminate\Foundation\helpers.php:853

  ΓöÇΓöÇΓöÇΓöÇΓöÇΓöÇΓöÇΓöÇΓöÇΓöÇΓöÇΓöÇΓöÇΓöÇΓöÇΓöÇΓöÇΓöÇΓöÇΓöÇΓöÇΓöÇΓöÇΓöÇΓöÇΓöÇΓöÇΓöÇΓöÇΓöÇΓöÇΓöÇΓöÇΓöÇΓöÇΓöÇΓöÇΓöÇΓöÇΓöÇΓöÇΓöÇΓöÇΓöÇΓöÇΓöÇΓöÇΓöÇΓöÇΓöÇΓöÇΓöÇΓöÇΓöÇΓöÇΓöÇΓöÇΓöÇΓöÇΓöÇΓöÇΓöÇΓöÇΓöÇΓöÇΓöÇΓöÇΓöÇΓöÇΓöÇΓöÇΓöÇΓöÇΓöÇΓöÇΓöÇΓöÇΓöÇΓöÇΓöÇΓöÇΓöÇΓöÇΓöÇΓöÇΓöÇΓöÇΓöÇΓöÇΓöÇΓöÇΓöÇΓöÇΓöÇΓöÇΓöÇΓöÇΓöÇΓöÇΓöÇΓöÇΓöÇΓöÇΓöÇΓöÇΓöÇΓöÇΓöÇΓöÇ  
   FAILED  Tests\Feature\AdminTest > it editor can publish any post                     RouteNotFoundException   
  Route [tallpress.admin.posts.update-status] not defined.

  at vendor\laravel\framework\src\Illuminate\Routing\UrlGenerator.php:517
    513Γûò             ! is_null($url = call_user_func($this->missingNamedRouteResolver, $name, $parameters, $absolute))) {
    514Γûò             return $url;
    515Γûò         }
    516Γûò 
  Γ₧£ 517Γûò         throw new RouteNotFoundException("Route [{$name}] not defined.");
    518Γûò     }
    519Γûò 
    520Γûò     /**
    521Γûò      * Get the URL for a given route instance.

  1   vendor\laravel\framework\src\Illuminate\Routing\UrlGenerator.php:517
  2   vendor\laravel\framework\src\Illuminate\Foundation\helpers.php:853

  ΓöÇΓöÇΓöÇΓöÇΓöÇΓöÇΓöÇΓöÇΓöÇΓöÇΓöÇΓöÇΓöÇΓöÇΓöÇΓöÇΓöÇΓöÇΓöÇΓöÇΓöÇΓöÇΓöÇΓöÇΓöÇΓöÇΓöÇΓöÇΓöÇΓöÇΓöÇΓöÇΓöÇΓöÇΓöÇΓöÇΓöÇΓöÇΓöÇΓöÇΓöÇΓöÇΓöÇΓöÇΓöÇΓöÇΓöÇΓöÇΓöÇΓöÇΓöÇΓöÇΓöÇΓöÇΓöÇΓöÇΓöÇΓöÇΓöÇΓöÇΓöÇΓöÇΓöÇΓöÇΓöÇΓöÇΓöÇΓöÇΓöÇΓöÇΓöÇΓöÇΓöÇΓöÇΓöÇΓöÇΓöÇΓöÇΓöÇΓöÇΓöÇΓöÇΓöÇΓöÇΓöÇΓöÇΓöÇΓöÇΓöÇΓöÇΓöÇΓöÇΓöÇΓöÇΓöÇΓöÇΓöÇΓöÇΓöÇΓöÇΓöÇΓöÇΓöÇΓöÇΓöÇΓöÇΓöÇΓöÇΓöÇ  
   FAILED  Tests\Feature\AdminTest > it author cannot publish posts directly            RouteNotFoundException   
  Route [tallpress.admin.posts.update-status] not defined.

  at vendor\laravel\framework\src\Illuminate\Routing\UrlGenerator.php:517
    513Γûò             ! is_null($url = call_user_func($this->missingNamedRouteResolver, $name, $parameters, $absolute))) {
    514Γûò             return $url;
    515Γûò         }
    516Γûò 
  Γ₧£ 517Γûò         throw new RouteNotFoundException("Route [{$name}] not defined.");
    518Γûò     }
    519Γûò 
    520Γûò     /**
    521Γûò      * Get the URL for a given route instance.

  1   vendor\laravel\framework\src\Illuminate\Routing\UrlGenerator.php:517
  2   vendor\laravel\framework\src\Illuminate\Foundation\helpers.php:853

  ΓöÇΓöÇΓöÇΓöÇΓöÇΓöÇΓöÇΓöÇΓöÇΓöÇΓöÇΓöÇΓöÇΓöÇΓöÇΓöÇΓöÇΓöÇΓöÇΓöÇΓöÇΓöÇΓöÇΓöÇΓöÇΓöÇΓöÇΓöÇΓöÇΓöÇΓöÇΓöÇΓöÇΓöÇΓöÇΓöÇΓöÇΓöÇΓöÇΓöÇΓöÇΓöÇΓöÇΓöÇΓöÇΓöÇΓöÇΓöÇΓöÇΓöÇΓöÇΓöÇΓöÇΓöÇΓöÇΓöÇΓöÇΓöÇΓöÇΓöÇΓöÇΓöÇΓöÇΓöÇΓöÇΓöÇΓöÇΓöÇΓöÇΓöÇΓöÇΓöÇΓöÇΓöÇΓöÇΓöÇΓöÇΓöÇΓöÇΓöÇΓöÇΓöÇΓöÇΓöÇΓöÇΓöÇΓöÇΓöÇΓöÇΓöÇΓöÇΓöÇΓöÇΓöÇΓöÇΓöÇΓöÇΓöÇΓöÇΓöÇΓöÇΓöÇΓöÇΓöÇΓöÇΓöÇΓöÇΓöÇΓöÇ  
   FAILED  Tests\Feature\AdminTest > it admin can manage tags                           RouteNotFoundException   
  Route [tallpress.admin.tags.store] not defined.

  at vendor\laravel\framework\src\Illuminate\Routing\UrlGenerator.php:517
    513Γûò             ! is_null($url = call_user_func($this->missingNamedRouteResolver, $name, $parameters, $absolute))) {
    514Γûò             return $url;
    515Γûò         }
    516Γûò 
  Γ₧£ 517Γûò         throw new RouteNotFoundException("Route [{$name}] not defined.");
    518Γûò     }
    519Γûò 
    520Γûò     /**
    521Γûò      * Get the URL for a given route instance.

  1   vendor\laravel\framework\src\Illuminate\Routing\UrlGenerator.php:517
  2   vendor\laravel\framework\src\Illuminate\Foundation\helpers.php:853

  ΓöÇΓöÇΓöÇΓöÇΓöÇΓöÇΓöÇΓöÇΓöÇΓöÇΓöÇΓöÇΓöÇΓöÇΓöÇΓöÇΓöÇΓöÇΓöÇΓöÇΓöÇΓöÇΓöÇΓöÇΓöÇΓöÇΓöÇΓöÇΓöÇΓöÇΓöÇΓöÇΓöÇΓöÇΓöÇΓöÇΓöÇΓöÇΓöÇΓöÇΓöÇΓöÇΓöÇΓöÇΓöÇΓöÇΓöÇΓöÇΓöÇΓöÇΓöÇΓöÇΓöÇΓöÇΓöÇΓöÇΓöÇΓöÇΓöÇΓöÇΓöÇΓöÇΓöÇΓöÇΓöÇΓöÇΓöÇΓöÇΓöÇΓöÇΓöÇΓöÇΓöÇΓöÇΓöÇΓöÇΓöÇΓöÇΓöÇΓöÇΓöÇΓöÇΓöÇΓöÇΓöÇΓöÇΓöÇΓöÇΓöÇΓöÇΓöÇΓöÇΓöÇΓöÇΓöÇΓöÇΓöÇΓöÇΓöÇΓöÇΓöÇΓöÇΓöÇΓöÇΓöÇΓöÇΓöÇΓöÇΓöÇ  
   FAILED  Tests\Feature\AdminTest > it guest cannot access admin dashboard                                      
  Expected response status code [302] but received 500.
Failed asserting that 500 is identical to 302.

The following exception occurred during the last request:

Symfony\Component\Routing\Exception\RouteNotFoundException: Route [login] not defined. in C:\xampp\htdocs\laravel-packages\tallpress\vendor\laravel\framework\src\Illuminate\Routing\UrlGenerator.php:517
Stack trace:
#0 C:\xampp\htdocs\laravel-packages\tallpress\vendor\laravel\framework\src\Illuminate\Foundation\helpers.php(853): Illuminate\Routing\UrlGenerator->route('login', Array, true)
#1 C:\xampp\htdocs\laravel-packages\tallpress\vendor\laravel\framework\src\Illuminate\Foundation\Configuration\ApplicationBuilder.php(278): route('login')
#2 [internal function]: Illuminate\Foundation\Configuration\ApplicationBuilder->Illuminate\Foundation\Configuration\{closure}(Object(Illuminate\Http\Request))
#3 C:\xampp\htdocs\laravel-packages\tallpress\vendor\laravel\framework\src\Illuminate\Auth\Middleware\Authenticate.php(118): call_user_func(Object(Closure), Object(Illuminate\Http\Request))
#4 C:\xampp\htdocs\laravel-packages\tallpress\vendor\laravel\framework\src\Illuminate\Auth\Middleware\Authenticate.php(105): Illuminate\Auth\Middleware\Authenticate->redirectTo(Object(Illuminate\Http\Request))
#5 C:\xampp\htdocs\laravel-packages\tallpress\vendor\laravel\framework\src\Illuminate\Auth\Middleware\Authenticate.php(88): Illuminate\Auth\Middleware\Authenticate->unauthenticated(Object(Illuminate\Http\Request), Array)
#6 C:\xampp\htdocs\laravel-packages\tallpress\vendor\laravel\framework\src\Illuminate\Auth\Middleware\Authenticate.php(62): Illuminate\Auth\Middleware\Authenticate->authenticate(Object(Illuminate\Http\Request), Array)
#7 C:\xampp\htdocs\laravel-packages\tallpress\vendor\laravel\framework\src\Illuminate\Pipeline\Pipeline.php(209): Illuminate\Auth\Middleware\Authenticate->handle(Object(Illuminate\Http\Request), Object(Closure))
#8 C:\xampp\htdocs\laravel-packages\tallpress\vendor\laravel\framework\src\Illuminate\Foundation\Http\Middleware\VerifyCsrfToken.php(88): Illuminate\Pipeline\Pipeline->Illuminate\Pipeline\{closure}(Object(Illuminate\Http\Request))
#9 C:\xampp\htdocs\laravel-packages\tallpress\vendor\laravel\framework\src\Illuminate\Pipeline\Pipeline.php(209): Illuminate\Foundation\Http\Middleware\VerifyCsrfToken->handle(Object(Illuminate\Http\Request), Object(Closure))
#10 C:\xampp\htdocs\laravel-packages\tallpress\vendor\laravel\framework\src\Illuminate\View\Middleware\ShareErrorsFromSession.php(49): Illuminate\Pipeline\Pipeline->Illuminate\Pipeline\{closure}(Object(Illuminate\Http\Request))
#11 C:\xampp\htdocs\laravel-packages\tallpress\vendor\laravel\framework\src\Illuminate\Pipeline\Pipeline.php(209): Illuminate\View\Middleware\ShareErrorsFromSession->handle(Object(Illuminate\Http\Request), Object(Closure))
#12 C:\xampp\htdocs\laravel-packages\tallpress\vendor\laravel\framework\src\Illuminate\Session\Middleware\StartSession.php(121): Illuminate\Pipeline\Pipeline->Illuminate\Pipeline\{closure}(Object(Illuminate\Http\Request))
#13 C:\xampp\htdocs\laravel-packages\tallpress\vendor\laravel\framework\src\Illuminate\Session\Middleware\StartSession.php(64): Illuminate\Session\Middleware\StartSession->handleStatefulRequest(Object(Illuminate\Http\Request), Object(Illuminate\Session\Store), Object(Closure))
#14 C:\xampp\htdocs\laravel-packages\tallpress\vendor\laravel\framework\src\Illuminate\Pipeline\Pipeline.php(209): Illuminate\Session\Middleware\StartSession->handle(Object(Illuminate\Http\Request), Object(Closure))
#15 C:\xampp\htdocs\laravel-packages\tallpress\vendor\laravel\framework\src\Illuminate\Cookie\Middleware\AddQueuedCookiesToResponse.php(37): Illuminate\Pipeline\Pipeline->Illuminate\Pipeline\{closure}(Object(Illuminate\Http\Request))
#16 C:\xampp\htdocs\laravel-packages\tallpress\vendor\laravel\framework\src\Illuminate\Pipeline\Pipeline.php(209): Illuminate\Cookie\Middleware\AddQueuedCookiesToResponse->handle(Object(Illuminate\Http\Request), Object(Closure))
#17 C:\xampp\htdocs\laravel-packages\tallpress\vendor\laravel\framework\src\Illuminate\Cookie\Middleware\EncryptCookies.php(75): Illuminate\Pipeline\Pipeline->Illuminate\Pipeline\{closure}(Object(Illuminate\Http\Request))
#18 C:\xampp\htdocs\laravel-packages\tallpress\vendor\laravel\framework\src\Illuminate\Pipeline\Pipeline.php(209): Illuminate\Cookie\Middleware\EncryptCookies->handle(Object(Illuminate\Http\Request), Object(Closure))
#19 C:\xampp\htdocs\laravel-packages\tallpress\vendor\laravel\framework\src\Illuminate\Pipeline\Pipeline.php(127): Illuminate\Pipeline\Pipeline->Illuminate\Pipeline\{closure}(Object(Illuminate\Http\Request))
#20 C:\xampp\htdocs\laravel-packages\tallpress\vendor\laravel\framework\src\Illuminate\Routing\Router.php(807): Illuminate\Pipeline\Pipeline->then(Object(Closure))
#21 C:\xampp\htdocs\laravel-packages\tallpress\vendor\laravel\framework\src\Illuminate\Routing\Router.php(786): Illuminate\Routing\Router->runRouteWithinStack(Object(Illuminate\Routing\Route), Object(Illuminate\Http\Request))
#22 C:\xampp\htdocs\laravel-packages\tallpress\vendor\laravel\framework\src\Illuminate\Routing\Router.php(750): Illuminate\Routing\Router->runRoute(Object(Illuminate\Http\Request), Object(Illuminate\Routing\Route))
#23 C:\xampp\htdocs\laravel-packages\tallpress\vendor\laravel\framework\src\Illuminate\Routing\Router.php(739): Illuminate\Routing\Router->dispatchToRoute(Object(Illuminate\Http\Request))
#24 C:\xampp\htdocs\laravel-packages\tallpress\vendor\laravel\framework\src\Illuminate\Foundation\Http\Kernel.php(201): Illuminate\Routing\Router->dispatch(Object(Illuminate\Http\Request))
#25 C:\xampp\htdocs\laravel-packages\tallpress\vendor\laravel\framework\src\Illuminate\Pipeline\Pipeline.php(170): Illuminate\Foundation\Http\Kernel->Illuminate\Foundation\Http\{closure}(Object(Illuminate\Http\Request))
#26 C:\xampp\htdocs\laravel-packages\tallpress\vendor\livewire\livewire\src\Features\SupportDisablingBackButtonCache\DisableBackButtonCacheMiddleware.php(19): Illuminate\Pipeline\Pipeline->Illuminate\Pipeline\{closure}(Object(Illuminate\Http\Request))
#27 C:\xampp\htdocs\laravel-packages\tallpress\vendor\laravel\framework\src\Illuminate\Pipeline\Pipeline.php(209): Livewire\Features\SupportDisablingBackButtonCache\DisableBackButtonCacheMiddleware->handle(Object(Illuminate\Http\Request), Object(Closure))
#28 C:\xampp\htdocs\laravel-packages\tallpress\vendor\laravel\framework\src\Illuminate\Foundation\Http\Middleware\TransformsRequest.php(21): Illuminate\Pipeline\Pipeline->Illuminate\Pipeline\{closure}(Object(Illuminate\Http\Request))
#29 C:\xampp\htdocs\laravel-packages\tallpress\vendor\laravel\framework\src\Illuminate\Foundation\Http\Middleware\ConvertEmptyStringsToNull.php(31): Illuminate\Foundation\Http\Middleware\TransformsRequest->handle(Object(Illuminate\Http\Request), Object(Closure))
#30 C:\xampp\htdocs\laravel-packages\tallpress\vendor\laravel\framework\src\Illuminate\Pipeline\Pipeline.php(209): Illuminate\Foundation\Http\Middleware\ConvertEmptyStringsToNull->handle(Object(Illuminate\Http\Request), Object(Closure))
#31 C:\xampp\htdocs\laravel-packages\tallpress\vendor\laravel\framework\src\Illuminate\Foundation\Http\Middleware\TransformsRequest.php(21): Illuminate\Pipeline\Pipeline->Illuminate\Pipeline\{closure}(Object(Illuminate\Http\Request))
#32 C:\xampp\htdocs\laravel-packages\tallpress\vendor\laravel\framework\src\Illuminate\Foundation\Http\Middleware\TrimStrings.php(51): Illuminate\Foundation\Http\Middleware\TransformsRequest->handle(Object(Illuminate\Http\Request), Object(Closure))
#33 C:\xampp\htdocs\laravel-packages\tallpress\vendor\laravel\framework\src\Illuminate\Pipeline\Pipeline.php(209): Illuminate\Foundation\Http\Middleware\TrimStrings->handle(Object(Illuminate\Http\Request), Object(Closure))
#34 C:\xampp\htdocs\laravel-packages\tallpress\vendor\laravel\framework\src\Illuminate\Http\Middleware\ValidatePostSize.php(27): Illuminate\Pipeline\Pipeline->Illuminate\Pipeline\{closure}(Object(Illuminate\Http\Request))
#35 C:\xampp\htdocs\laravel-packages\tallpress\vendor\laravel\framework\src\Illuminate\Pipeline\Pipeline.php(209): Illuminate\Http\Middleware\ValidatePostSize->handle(Object(Illuminate\Http\Request), Object(Closure))
#36 C:\xampp\htdocs\laravel-packages\tallpress\vendor\laravel\framework\src\Illuminate\Foundation\Http\Middleware\PreventRequestsDuringMaintenance.php(110): Illuminate\Pipeline\Pipeline->Illuminate\Pipeline\{closure}(Object(Illuminate\Http\Request))
#37 C:\xampp\htdocs\laravel-packages\tallpress\vendor\laravel\framework\src\Illuminate\Pipeline\Pipeline.php(209): Illuminate\Foundation\Http\Middleware\PreventRequestsDuringMaintenance->handle(Object(Illuminate\Http\Request), Object(Closure))
#38 C:\xampp\htdocs\laravel-packages\tallpress\vendor\laravel\framework\src\Illuminate\Http\Middleware\HandleCors.php(49): Illuminate\Pipeline\Pipeline->Illuminate\Pipeline\{closure}(Object(Illuminate\Http\Request))
#39 C:\xampp\htdocs\laravel-packages\tallpress\vendor\laravel\framework\src\Illuminate\Pipeline\Pipeline.php(209): Illuminate\Http\Middleware\HandleCors->handle(Object(Illuminate\Http\Request), Object(Closure))
#40 C:\xampp\htdocs\laravel-packages\tallpress\vendor\laravel\framework\src\Illuminate\Http\Middleware\TrustProxies.php(58): Illuminate\Pipeline\Pipeline->Illuminate\Pipeline\{closure}(Object(Illuminate\Http\Request))
#41 C:\xampp\htdocs\laravel-packages\tallpress\vendor\laravel\framework\src\Illuminate\Pipeline\Pipeline.php(209): Illuminate\Http\Middleware\TrustProxies->handle(Object(Illuminate\Http\Request), Object(Closure))
#42 C:\xampp\htdocs\laravel-packages\tallpress\vendor\laravel\framework\src\Illuminate\Foundation\Http\Middleware\InvokeDeferredCallbacks.php(22): Illuminate\Pipeline\Pipeline->Illuminate\Pipeline\{closure}(Object(Illuminate\Http\Request))
#43 C:\xampp\htdocs\laravel-packages\tallpress\vendor\laravel\framework\src\Illuminate\Pipeline\Pipeline.php(209): Illuminate\Foundation\Http\Middleware\InvokeDeferredCallbacks->handle(Object(Illuminate\Http\Request), Object(Closure))
#44 C:\xampp\htdocs\laravel-packages\tallpress\vendor\laravel\framework\src\Illuminate\Pipeline\Pipeline.php(127): Illuminate\Pipeline\Pipeline->Illuminate\Pipeline\{closure}(Object(Illuminate\Http\Request))
#45 C:\xampp\htdocs\laravel-packages\tallpress\vendor\laravel\framework\src\Illuminate\Foundation\Http\Kernel.php(176): Illuminate\Pipeline\Pipeline->then(Object(Closure))
#46 C:\xampp\htdocs\laravel-packages\tallpress\vendor\laravel\framework\src\Illuminate\Foundation\Http\Kernel.php(145): Illuminate\Foundation\Http\Kernel->sendRequestThroughRouter(Object(Illuminate\Http\Request))
#47 C:\xampp\htdocs\laravel-packages\tallpress\vendor\laravel\framework\src\Illuminate\Foundation\Testing\Concerns\MakesHttpRequests.php(607): Illuminate\Foundation\Http\Kernel->handle(Object(Illuminate\Http\Request))
#48 C:\xampp\htdocs\laravel-packages\tallpress\vendor\laravel\framework\src\Illuminate\Foundation\Testing\Concerns\MakesHttpRequests.php(368): Orchestra\Testbench\TestCase->call('GET', 'http://localhos...', Array, Array, Array, Array)
#49 C:\xampp\htdocs\laravel-packages\tallpress\tests\Feature\AdminTest.php(61): Orchestra\Testbench\TestCase->get('http://localhos...')
#50 C:\xampp\htdocs\laravel-packages\tallpress\vendor\pestphp\pest\src\Factories\TestCaseMethodFactory.php(110): P\Tests\Feature\AdminTest->{closure}()
#51 [internal function]: P\Tests\Feature\AdminTest->Pest\Factories\{closure}()
#52 C:\xampp\htdocs\laravel-packages\tallpress\vendor\pestphp\pest\src\Concerns\Testable.php(339): call_user_func_array(Object(Closure), Array)
#53 C:\xampp\htdocs\laravel-packages\tallpress\vendor\pestphp\pest\src\Support\ExceptionTrace.php(26): P\Tests\Feature\AdminTest->Pest\Concerns\{closure}()
#54 C:\xampp\htdocs\laravel-packages\tallpress\vendor\pestphp\pest\src\Concerns\Testable.php(339): Pest\Support\ExceptionTrace::ensure(Object(Closure))
#55 C:\xampp\htdocs\laravel-packages\tallpress\vendor\pestphp\pest\src\Concerns\Testable.php(256): P\Tests\Feature\AdminTest->__callClosure(Object(Closure), Array)
#56 C:\xampp\htdocs\laravel-packages\tallpress\vendor\pestphp\pest\src\Factories\TestCaseFactory.php(197) : eval()'d code(71): P\Tests\Feature\AdminTest->__runTest(Object(Closure))
#57 C:\xampp\htdocs\laravel-packages\tallpress\vendor\phpunit\phpunit\src\Framework\TestCase.php(1188): P\Tests\Feature\AdminTest->__pest_evaluable_it_guest_cannot_access_admin_dashboard()
#58 C:\xampp\htdocs\laravel-packages\tallpress\vendor\phpunit\phpunit\src\Framework\TestCase.php(687): PHPUnit\Framework\TestCase->runTest()
#59 C:\xampp\htdocs\laravel-packages\tallpress\vendor\phpunit\phpunit\src\Framework\TestRunner.php(106): PHPUnit\Framework\TestCase->runBare()
#60 C:\xampp\htdocs\laravel-packages\tallpress\vendor\phpunit\phpunit\src\Framework\TestCase.php(517): PHPUnit\Framework\TestRunner->run(Object(P\Tests\Feature\AdminTest))
#61 C:\xampp\htdocs\laravel-packages\tallpress\vendor\phpunit\phpunit\src\Framework\TestSuite.php(380): PHPUnit\Framework\TestCase->run()
#62 C:\xampp\htdocs\laravel-packages\tallpress\vendor\phpunit\phpunit\src\Framework\TestSuite.php(380): PHPUnit\Framework\TestSuite->run()
#63 C:\xampp\htdocs\laravel-packages\tallpress\vendor\phpunit\phpunit\src\Framework\TestSuite.php(380): PHPUnit\Framework\TestSuite->run()
#64 C:\xampp\htdocs\laravel-packages\tallpress\vendor\phpunit\phpunit\src\TextUI\TestRunner.php(64): PHPUnit\Framework\TestSuite->run()
#65 C:\xampp\htdocs\laravel-packages\tallpress\vendor\phpunit\phpunit\src\TextUI\Application.php(202): PHPUnit\TextUI\TestRunner->run(Object(PHPUnit\TextUI\Configuration\Configuration), Object(PHPUnit\Runner\ResultCache\DefaultResultCache), Object(PHPUnit\Framework\TestSuite))
#66 C:\xampp\htdocs\laravel-packages\tallpress\vendor\pestphp\pest\src\Kernel.php(103): PHPUnit\TextUI\Application->run(Array)
#67 C:\xampp\htdocs\laravel-packages\tallpress\vendor\pestphp\pest\bin\pest(91): Pest\Kernel->handle(Array, Array)
#68 C:\xampp\htdocs\laravel-packages\tallpress\vendor\pestphp\pest\bin\pest(99): {closure}()
#69 C:\xampp\htdocs\laravel-packages\tallpress\vendor\bin\pest(119): include('C:\\xampp\\htdocs...')
#70 {main}

----------------------------------------------------------------------------------

Route [login] not defined.

  at tests\Feature\AdminTest.php:63
     59Γûò 
     60Γûò it('guest cannot access admin dashboard', function () {
     61Γûò     $response = $this->get(route('tallpress.admin.dashboard'));
     62Γûò 
  Γ₧£  63Γûò     $response->assertStatus(302);
     64Γûò });
     65Γûò 
     66Γûò it('admin can view all posts in admin', function () {
     67Γûò     $this->actingAs($this->admin);


  Tests:    34 failed, 57 passed (171 assertions)
  Duration: 21.66s

Script vendor/bin/pest handling the test event returned with error code 2
